Archive member included to satisfy reference by file (symbol)

c:/program files (x86)/atmel/studio/7.0/toolchain/avr8/avr8-gnu-toolchain/bin/../lib/gcc/avr/4.9.2/../../../../avr/lib/avr5\libm.a(divsf3.o)
                              HAL/tc0.o (__divsf3)
c:/program files (x86)/atmel/studio/7.0/toolchain/avr8/avr8-gnu-toolchain/bin/../lib/gcc/avr/4.9.2/../../../../avr/lib/avr5\libm.a(divsf3x.o)
                              c:/program files (x86)/atmel/studio/7.0/toolchain/avr8/avr8-gnu-toolchain/bin/../lib/gcc/avr/4.9.2/../../../../avr/lib/avr5\libm.a(divsf3.o) (__divsf3x)
c:/program files (x86)/atmel/studio/7.0/toolchain/avr8/avr8-gnu-toolchain/bin/../lib/gcc/avr/4.9.2/../../../../avr/lib/avr5\libm.a(fixunssfsi.o)
                              HAL/tc0.o (__fixunssfsi)
c:/program files (x86)/atmel/studio/7.0/toolchain/avr8/avr8-gnu-toolchain/bin/../lib/gcc/avr/4.9.2/../../../../avr/lib/avr5\libm.a(floatsisf.o)
                              HAL/tc0.o (__floatunsisf)
c:/program files (x86)/atmel/studio/7.0/toolchain/avr8/avr8-gnu-toolchain/bin/../lib/gcc/avr/4.9.2/../../../../avr/lib/avr5\libm.a(fp_inf.o)
                              c:/program files (x86)/atmel/studio/7.0/toolchain/avr8/avr8-gnu-toolchain/bin/../lib/gcc/avr/4.9.2/../../../../avr/lib/avr5\libm.a(divsf3x.o) (__fp_inf)
c:/program files (x86)/atmel/studio/7.0/toolchain/avr8/avr8-gnu-toolchain/bin/../lib/gcc/avr/4.9.2/../../../../avr/lib/avr5\libm.a(fp_nan.o)
                              c:/program files (x86)/atmel/studio/7.0/toolchain/avr8/avr8-gnu-toolchain/bin/../lib/gcc/avr/4.9.2/../../../../avr/lib/avr5\libm.a(divsf3x.o) (__fp_nan)
c:/program files (x86)/atmel/studio/7.0/toolchain/avr8/avr8-gnu-toolchain/bin/../lib/gcc/avr/4.9.2/../../../../avr/lib/avr5\libm.a(fp_pscA.o)
                              c:/program files (x86)/atmel/studio/7.0/toolchain/avr8/avr8-gnu-toolchain/bin/../lib/gcc/avr/4.9.2/../../../../avr/lib/avr5\libm.a(divsf3x.o) (__fp_pscA)
c:/program files (x86)/atmel/studio/7.0/toolchain/avr8/avr8-gnu-toolchain/bin/../lib/gcc/avr/4.9.2/../../../../avr/lib/avr5\libm.a(fp_pscB.o)
                              c:/program files (x86)/atmel/studio/7.0/toolchain/avr8/avr8-gnu-toolchain/bin/../lib/gcc/avr/4.9.2/../../../../avr/lib/avr5\libm.a(divsf3x.o) (__fp_pscB)
c:/program files (x86)/atmel/studio/7.0/toolchain/avr8/avr8-gnu-toolchain/bin/../lib/gcc/avr/4.9.2/../../../../avr/lib/avr5\libm.a(fp_round.o)
                              c:/program files (x86)/atmel/studio/7.0/toolchain/avr8/avr8-gnu-toolchain/bin/../lib/gcc/avr/4.9.2/../../../../avr/lib/avr5\libm.a(divsf3.o) (__fp_round)
c:/program files (x86)/atmel/studio/7.0/toolchain/avr8/avr8-gnu-toolchain/bin/../lib/gcc/avr/4.9.2/../../../../avr/lib/avr5\libm.a(fp_split3.o)
                              c:/program files (x86)/atmel/studio/7.0/toolchain/avr8/avr8-gnu-toolchain/bin/../lib/gcc/avr/4.9.2/../../../../avr/lib/avr5\libm.a(divsf3x.o) (__fp_split3)
c:/program files (x86)/atmel/studio/7.0/toolchain/avr8/avr8-gnu-toolchain/bin/../lib/gcc/avr/4.9.2/../../../../avr/lib/avr5\libm.a(fp_zero.o)
                              c:/program files (x86)/atmel/studio/7.0/toolchain/avr8/avr8-gnu-toolchain/bin/../lib/gcc/avr/4.9.2/../../../../avr/lib/avr5\libm.a(fixunssfsi.o) (__fp_zero)
c:/program files (x86)/atmel/studio/7.0/toolchain/avr8/avr8-gnu-toolchain/bin/../lib/gcc/avr/4.9.2/../../../../avr/lib/avr5\libm.a(mulsf3.o)
                              HAL/tc0.o (__mulsf3)
c:/program files (x86)/atmel/studio/7.0/toolchain/avr8/avr8-gnu-toolchain/bin/../lib/gcc/avr/4.9.2/../../../../avr/lib/avr5\libm.a(mulsf3x.o)
                              c:/program files (x86)/atmel/studio/7.0/toolchain/avr8/avr8-gnu-toolchain/bin/../lib/gcc/avr/4.9.2/../../../../avr/lib/avr5\libm.a(mulsf3.o) (__mulsf3x)
c:/program files (x86)/atmel/studio/7.0/toolchain/avr8/avr8-gnu-toolchain/bin/../lib/gcc/avr/4.9.2/avr5\libgcc.a(_exit.o)
                              C:/Program Files (x86)/Atmel/Studio/7.0/Packs/atmel/ATmega_DFP/1.0.106/gcc/dev/atmega169a/avr5/crtatmega169a.o (exit)
c:/program files (x86)/atmel/studio/7.0/toolchain/avr8/avr8-gnu-toolchain/bin/../lib/gcc/avr/4.9.2/avr5\libgcc.a(_copy_data.o)
                              Display/LM6029ACW.o (__do_copy_data)
c:/program files (x86)/atmel/studio/7.0/toolchain/avr8/avr8-gnu-toolchain/bin/../lib/gcc/avr/4.9.2/avr5\libgcc.a(_clear_bss.o)
                              Display/LM6029ACW.o (__do_clear_bss)
c:/program files (x86)/atmel/studio/7.0/toolchain/avr8/avr8-gnu-toolchain/bin/../lib/gcc/avr/4.9.2/avr5\libgcc.a(_ctors.o)
                              Display/LM6029ACW.o (__do_global_ctors)
c:/program files (x86)/atmel/studio/7.0/toolchain/avr8/avr8-gnu-toolchain/bin/../lib/gcc/avr/4.9.2/avr5\libgcc.a(_dtors.o)
                              Display/LM6029ACW.o (__do_global_dtors)
c:/program files (x86)/atmel/studio/7.0/toolchain/avr8/avr8-gnu-toolchain/bin/../lib/gcc/avr/4.9.2/avr5\libgcc.a(_tablejump2.o)
                              c:/program files (x86)/atmel/studio/7.0/toolchain/avr8/avr8-gnu-toolchain/bin/../lib/gcc/avr/4.9.2/avr5\libgcc.a(_ctors.o) (__tablejump2__)
c:/program files (x86)/atmel/studio/7.0/toolchain/avr8/avr8-gnu-toolchain/bin/../lib/gcc/avr/4.9.2/../../../../avr/lib/avr5\libc.a(malloc.o)
                              Core/MessageQueue.o (malloc)
c:/program files (x86)/atmel/studio/7.0/toolchain/avr8/avr8-gnu-toolchain/bin/../lib/gcc/avr/4.9.2/../../../../avr/lib/avr5\libc.a(memcpy.o)
                              Core/MessageQueue.o (memcpy)

Allocating common symbols
Common symbol       size              file

__brkval            0x2               c:/program files (x86)/atmel/studio/7.0/toolchain/avr8/avr8-gnu-toolchain/bin/../lib/gcc/avr/4.9.2/../../../../avr/lib/avr5\libc.a(malloc.o)
__flp               0x2               c:/program files (x86)/atmel/studio/7.0/toolchain/avr8/avr8-gnu-toolchain/bin/../lib/gcc/avr/4.9.2/../../../../avr/lib/avr5\libc.a(malloc.o)

Discarded input sections

 .data          0x00000000        0x0 C:/Program Files (x86)/Atmel/Studio/7.0/Packs/atmel/ATmega_DFP/1.0.106/gcc/dev/atmega169a/avr5/crtatmega169a.o
 .bss           0x00000000        0x0 C:/Program Files (x86)/Atmel/Studio/7.0/Packs/atmel/ATmega_DFP/1.0.106/gcc/dev/atmega169a/avr5/crtatmega169a.o
 .text          0x00000000        0x0 Application/buttons.o
 .data          0x00000000        0x0 Application/buttons.o
 .bss           0x00000000        0x0 Application/buttons.o
 .text._ZN7buttonsC2Ev
                0x00000000        0x2 Application/buttons.o
 .text._ZN7buttonsD2Ev
                0x00000000        0x2 Application/buttons.o
 .debug_info    0x00000000      0x167 Application/buttons.o
 .debug_abbrev  0x00000000       0xea Application/buttons.o
 .debug_aranges
                0x00000000       0x28 Application/buttons.o
 .debug_ranges  0x00000000       0x18 Application/buttons.o
 .debug_line    0x00000000       0x65 Application/buttons.o
 .debug_str     0x00000000      0x183 Application/buttons.o
 .comment       0x00000000       0x31 Application/buttons.o
 .debug_frame   0x00000000       0x34 Application/buttons.o
 .text          0x00000000        0x0 Core/MessageQueue.o
 .data          0x00000000        0x0 Core/MessageQueue.o
 .bss           0x00000000        0x0 Core/MessageQueue.o
 .text._ZN12MessageQueueC2Ehh
                0x00000000       0x72 Core/MessageQueue.o
 .text._ZN12MessageQueueC2Eh
                0x00000000       0x2a Core/MessageQueue.o
 .text._ZN12MessageQueueD2Ev
                0x00000000       0x32 Core/MessageQueue.o
 .text._ZN12MessageQueue4SendEhhPh
                0x00000000       0x6a Core/MessageQueue.o
 .text._ZN12MessageQueue4PeakEPhS0_S0_
                0x00000000       0x5c Core/MessageQueue.o
 .text._ZN12MessageQueue5ClearEv
                0x00000000        0x6 Core/MessageQueue.o
 .text._ZN12MessageQueue19RemoveFirstAndShiftEv
                0x00000000       0xb8 Core/MessageQueue.o
 .text._ZN12MessageQueue4ReadEPhS0_S0_
                0x00000000       0x2e Core/MessageQueue.o
 .debug_info    0x00000000      0x990 Core/MessageQueue.o
 .debug_abbrev  0x00000000      0x2b3 Core/MessageQueue.o
 .debug_loc     0x00000000      0x76c Core/MessageQueue.o
 .debug_aranges
                0x00000000       0x58 Core/MessageQueue.o
 .debug_ranges  0x00000000       0x48 Core/MessageQueue.o
 .debug_line    0x00000000      0x3c0 Core/MessageQueue.o
 .debug_str     0x00000000      0x4c4 Core/MessageQueue.o
 .comment       0x00000000       0x31 Core/MessageQueue.o
 .debug_frame   0x00000000      0x134 Core/MessageQueue.o
 .text          0x00000000        0x0 Display/font.o
 .data          0x00000000        0x0 Display/font.o
 .bss           0x00000000        0x0 Display/font.o
 .text          0x00000000        0x0 Display/LM6029ACW.o
 .data          0x00000000        0x0 Display/LM6029ACW.o
 .bss           0x00000000        0x0 Display/LM6029ACW.o
 .text._ZN9LM6029ACWD2Ev
                0x00000000        0x6 Display/LM6029ACW.o
 .text._ZN9LM6029ACW12WriteCharColEhhhh
                0x00000000       0x20 Display/LM6029ACW.o
 .text          0x00000000        0x0 Display/ST7565R.o
 .data          0x00000000        0x0 Display/ST7565R.o
 .bss           0x00000000        0x0 Display/ST7565R.o
 .text._ZN7ST7565RD2Ev
                0x00000000        0x2 Display/ST7565R.o
 .text._ZN7ST7565R8SendDataEh
                0x00000000       0x16 Display/ST7565R.o
 .text._ZN7ST7565R7PutCharEc
                0x00000000        0x4 Display/ST7565R.o
 .text          0x00000000        0x0 HAL/adc.o
 .data          0x00000000        0x0 HAL/adc.o
 .bss           0x00000000        0x0 HAL/adc.o
 .text._ZN3adc18ReferenceSelectionE12ADC_REFRENCE
                0x00000000       0x12 HAL/adc.o
 .text._ZN3adc13ChannelSelectE15ADC_CHANNEL_MUX
                0x00000000       0x12 HAL/adc.o
 .text._ZN3adc15PrescalerSelectE13ADC_PRESCALER
                0x00000000       0x12 HAL/adc.o
 .text._ZN3adc4initEv
                0x00000000       0x38 HAL/adc.o
 .text._ZN3adc6ResultEv
                0x00000000       0x3e HAL/adc.o
 .text._ZN3adc12DoConversionE15ADC_CHANNEL_MUX
                0x00000000       0x2a HAL/adc.o
 .debug_info    0x00000000      0x55c HAL/adc.o
 .debug_abbrev  0x00000000      0x1cf HAL/adc.o
 .debug_loc     0x00000000       0xf8 HAL/adc.o
 .debug_aranges
                0x00000000       0x48 HAL/adc.o
 .debug_ranges  0x00000000       0x38 HAL/adc.o
 .debug_line    0x00000000      0x1db HAL/adc.o
 .debug_str     0x00000000      0x5bd HAL/adc.o
 .comment       0x00000000       0x31 HAL/adc.o
 .debug_frame   0x00000000       0x74 HAL/adc.o
 .text          0x00000000        0x0 HAL/hal.o
 .data          0x00000000        0x0 HAL/hal.o
 .bss           0x00000000        0x0 HAL/hal.o
 .data._ZN3hal18TemperatureChannelE
                0x00000000        0x1 HAL/hal.o
 .bss._ZN3hal14VoltageChannelE
                0x00000000        0x1 HAL/hal.o
 .text          0x00000000        0x0 HAL/LCD_HW.o
 .data          0x00000000        0x0 HAL/LCD_HW.o
 .bss           0x00000000        0x0 HAL/LCD_HW.o
 .text          0x00000000        0x0 HAL/port.o
 .data          0x00000000        0x0 HAL/port.o
 .bss           0x00000000        0x0 HAL/port.o
 .group         0x00000000        0x8 HAL/tc0.o
 .group         0x00000000        0x8 HAL/tc0.o
 .group         0x00000000        0x8 HAL/tc0.o
 .group         0x00000000        0x8 HAL/tc0.o
 .group         0x00000000        0x8 HAL/tc0.o
 .group         0x00000000        0x8 HAL/tc0.o
 .group         0x00000000        0x8 HAL/tc0.o
 .group         0x00000000        0x8 HAL/tc0.o
 .group         0x00000000        0x8 HAL/tc0.o
 .group         0x00000000        0x8 HAL/tc0.o
 .group         0x00000000        0x8 HAL/tc0.o
 .group         0x00000000        0x8 HAL/tc0.o
 .group         0x00000000        0x8 HAL/tc0.o
 .text          0x00000000        0x0 HAL/tc0.o
 .data          0x00000000        0x0 HAL/tc0.o
 .bss           0x00000000        0x0 HAL/tc0.o
 .text._ZN3tc05CountEv
                0x00000000        0x4 HAL/tc0.o
 .text._ZN3tc010CompareValEv
                0x00000000        0x4 HAL/tc0.o
 .text._ZN3tc023OverflowInterruptActiveEv
                0x00000000        0x8 HAL/tc0.o
 .text._ZN3tc028OutputCompareInterruptActiveEv
                0x00000000        0x6 HAL/tc0.o
 .text._ZN3tc08SetCountEh
                0x00000000        0x4 HAL/tc0.o
 .text._ZN3tc017SetOutputCompareAEh
                0x00000000        0x4 HAL/tc0.o
 .text._ZN3tc028EnableOutputCompareInterruptEv
                0x00000000        0xc HAL/tc0.o
 .text._ZN3tc029DisableOutputCompareInterruptEv
                0x00000000        0xc HAL/tc0.o
 .text._ZN3tc027ClearOutputCompareInterruptEv
                0x00000000        0x4 HAL/tc0.o
 .text._ZN3tc023EnableOverflowInterruptEv
                0x00000000        0xc HAL/tc0.o
 .text._ZN3tc024DisableOverflowInterruptEv
                0x00000000        0xc HAL/tc0.o
 .text._ZN3tc022ClearOverflowInterruptEv
                0x00000000        0x4 HAL/tc0.o
 .text._ZN3tc06SetWGME6TC_WGM
                0x00000000       0x3c HAL/tc0.o
 .text._ZN3tc06SetCOME6TC_COM
                0x00000000       0x16 HAL/tc0.o
 .text._ZN3tc011SelectClockE5TC_CS
                0x00000000        0xe HAL/tc0.o
 .text._ZN3tc017ExternalClockModeEbb
                0x00000000        0x2 HAL/tc0.o
 .text._ZN3tc0C2E6TC_WGM6TC_COM5TC_CS
                0x00000000       0x36 HAL/tc0.o
 .text._ZN3tc0D2Ev
                0x00000000        0x2 HAL/tc0.o
 .text._ZN3tc012SetDutyCycleEh
                0x00000000       0x60 HAL/tc0.o
 .rodata._ZTV3tc0
                0x00000000       0x24 HAL/tc0.o
 .debug_info    0x00000000      0xdbb HAL/tc0.o
 .debug_abbrev  0x00000000      0x322 HAL/tc0.o
 .debug_loc     0x00000000      0x403 HAL/tc0.o
 .debug_aranges
                0x00000000       0xb0 HAL/tc0.o
 .debug_ranges  0x00000000       0xa0 HAL/tc0.o
 .debug_line    0x00000000      0x2e7 HAL/tc0.o
 .debug_str     0x00000000      0x94b HAL/tc0.o
 .comment       0x00000000       0x31 HAL/tc0.o
 .debug_frame   0x00000000      0x16c HAL/tc0.o
 .text          0x00000000        0x0 HAL/tc1_pwm.o
 .data          0x00000000        0x0 HAL/tc1_pwm.o
 .bss           0x00000000        0x0 HAL/tc1_pwm.o
 .text._ZN7tc1_pwmC2Ev
                0x00000000        0x2 HAL/tc1_pwm.o
 .text._ZN7tc1_pwmD2Ev
                0x00000000        0x2 HAL/tc1_pwm.o
 .debug_info    0x00000000      0x167 HAL/tc1_pwm.o
 .debug_abbrev  0x00000000       0xea HAL/tc1_pwm.o
 .debug_aranges
                0x00000000       0x28 HAL/tc1_pwm.o
 .debug_ranges  0x00000000       0x18 HAL/tc1_pwm.o
 .debug_line    0x00000000       0x5d HAL/tc1_pwm.o
 .debug_str     0x00000000      0x17b HAL/tc1_pwm.o
 .comment       0x00000000       0x31 HAL/tc1_pwm.o
 .debug_frame   0x00000000       0x34 HAL/tc1_pwm.o
 .text          0x00000000        0x0 HAL/tc2.o
 .data          0x00000000        0x0 HAL/tc2.o
 .bss           0x00000000        0x0 HAL/tc2.o
 .text._ZN3tc217ExternalClockModeEbb
                0x00000000       0x24 HAL/tc2.o
 .text          0x00000000        0x0 HAL/twi.o
 .data          0x00000000        0x0 HAL/twi.o
 .bss           0x00000000        0x0 HAL/twi.o
 .text._ZN3twi11inititaliseEv
                0x00000000       0xae HAL/twi.o
 .text._ZN3twi11TransferBitEh
                0x00000000       0xa8 HAL/twi.o
 .text._ZN3twi8SendStopEv
                0x00000000       0xaa HAL/twi.o
 .text._ZN3twi9SendStartEv
                0x00000000       0x72 HAL/twi.o
 .text._ZN3twi17CheckAndClearFlagE9TWI_FLAGS
                0x00000000       0x2e HAL/twi.o
 .text._ZN3twi12ACK_receivedEv
                0x00000000       0x40 HAL/twi.o
 .text._ZN3twi7SendACKEv
                0x00000000        0x8 HAL/twi.o
 .text._ZN3twi8SendNACKEv
                0x00000000        0x8 HAL/twi.o
 .text._ZN3twi12TransferByteEh
                0x00000000       0xa8 HAL/twi.o
 .text._ZN3twi10SetAddressEhb
                0x00000000       0xa2 HAL/twi.o
 .text._ZN3twi17CheckForBusErrorsEv
                0x00000000       0x3e HAL/twi.o
 .text._ZN3twi10WriteBytesEhhPh
                0x00000000       0xa0 HAL/twi.o
 .text._ZN3twi9ReadBytesEhhPh
                0x00000000       0xa0 HAL/twi.o
 .text._ZN3twi20WriteBytesToRegisterEhhhPh
                0x00000000       0xde HAL/twi.o
 .text._ZN3twi21ReadBytesFromRegisterEhhhPh
                0x00000000       0xf2 HAL/twi.o
 .text._GLOBAL__sub_D__ZN3twi12_error_stateE
                0x00000000        0x2 HAL/twi.o
 .bss._ZN3twi12_error_stateE
                0x00000000        0x1 HAL/twi.o
 .text          0x00000000        0x0 main.o
 .data          0x00000000        0x0 main.o
 .bss           0x00000000        0x0 main.o
 .text          0x00000000        0x0 Peripherals/EEPROM_24LC08.o
 .data          0x00000000        0x0 Peripherals/EEPROM_24LC08.o
 .bss           0x00000000        0x0 Peripherals/EEPROM_24LC08.o
 .text._ZN13EEPROM_24LC08C2EP3pin
                0x00000000        0x8 Peripherals/EEPROM_24LC08.o
 .text._ZN13EEPROM_24LC08D2Ev
                0x00000000        0x2 Peripherals/EEPROM_24LC08.o
 .debug_info    0x00000000      0x719 Peripherals/EEPROM_24LC08.o
 .debug_abbrev  0x00000000      0x211 Peripherals/EEPROM_24LC08.o
 .debug_aranges
                0x00000000       0x28 Peripherals/EEPROM_24LC08.o
 .debug_ranges  0x00000000       0x18 Peripherals/EEPROM_24LC08.o
 .debug_line    0x00000000      0x14b Peripherals/EEPROM_24LC08.o
 .debug_str     0x00000000      0x4c8 Peripherals/EEPROM_24LC08.o
 .comment       0x00000000       0x31 Peripherals/EEPROM_24LC08.o
 .debug_frame   0x00000000       0x34 Peripherals/EEPROM_24LC08.o
 .text          0x00000000        0x0 Peripherals/INA219.o
 .data          0x00000000        0x0 Peripherals/INA219.o
 .bss           0x00000000        0x0 Peripherals/INA219.o
 .text._ZN6INA219D2Ev
                0x00000000        0x2 Peripherals/INA219.o
 .text._ZN6INA2199ConfigureEv
                0x00000000       0x66 Peripherals/INA219.o
 .text._ZN6INA219C2E11BUS_VOLTAGE11ADC_SETTING14OPERATING_MODE
                0x00000000       0x12 Peripherals/INA219.o
 .text._ZN6INA2199ConfigureE11BUS_VOLTAGE8PGA_GAIN11ADC_SETTING14OPERATING_MODE
                0x00000000       0x14 Peripherals/INA219.o
 .text._ZN6INA2199ConfigureE11BUS_VOLTAGE11ADC_SETTING14OPERATING_MODE
                0x00000000        0xe Peripherals/INA219.o
 .text._ZN6INA2197SetGainE8PGA_GAIN
                0x00000000        0xa Peripherals/INA219.o
 .text._ZN6INA2197CurrentEv
                0x00000000       0x28 Peripherals/INA219.o
 .debug_info    0x00000000      0xf75 Peripherals/INA219.o
 .debug_abbrev  0x00000000      0x3a2 Peripherals/INA219.o
 .debug_loc     0x00000000      0x42a Peripherals/INA219.o
 .debug_aranges
                0x00000000       0x50 Peripherals/INA219.o
 .debug_ranges  0x00000000       0x40 Peripherals/INA219.o
 .debug_line    0x00000000      0x247 Peripherals/INA219.o
 .debug_str     0x00000000      0xe5f Peripherals/INA219.o
 .comment       0x00000000       0x31 Peripherals/INA219.o
 .debug_frame   0x00000000       0xac Peripherals/INA219.o
 .text          0x00000000        0x0 Peripherals/MCP4716A0T.o
 .data          0x00000000        0x0 Peripherals/MCP4716A0T.o
 .bss           0x00000000        0x0 Peripherals/MCP4716A0T.o
 .text._ZN10MCP4716A0TC2Ev
                0x00000000        0x2 Peripherals/MCP4716A0T.o
 .text._ZN10MCP4716A0TD2Ev
                0x00000000        0x2 Peripherals/MCP4716A0T.o
 .debug_info    0x00000000      0x2fc Peripherals/MCP4716A0T.o
 .debug_abbrev  0x00000000      0x130 Peripherals/MCP4716A0T.o
 .debug_aranges
                0x00000000       0x28 Peripherals/MCP4716A0T.o
 .debug_ranges  0x00000000       0x18 Peripherals/MCP4716A0T.o
 .debug_line    0x00000000      0x116 Peripherals/MCP4716A0T.o
 .debug_str     0x00000000      0x235 Peripherals/MCP4716A0T.o
 .comment       0x00000000       0x31 Peripherals/MCP4716A0T.o
 .debug_frame   0x00000000       0x34 Peripherals/MCP4716A0T.o
 .text          0x00000000        0x0 PSUControl/CurrentLimit.o
 .data          0x00000000        0x0 PSUControl/CurrentLimit.o
 .bss           0x00000000        0x0 PSUControl/CurrentLimit.o
 .text._ZN12CurrentLimitD2Ev
                0x00000000        0x8 PSUControl/CurrentLimit.o
 .text._ZN12CurrentLimit17SetAverageVoltageEj
                0x00000000       0x4c PSUControl/CurrentLimit.o
 .text._ZN12CurrentLimit8SetLimitEj
                0x00000000       0x36 PSUControl/CurrentLimit.o
 .text._ZN12CurrentLimitC2Ev
                0x00000000       0x4c PSUControl/CurrentLimit.o
 .debug_info    0x00000000      0x6d8 PSUControl/CurrentLimit.o
 .debug_abbrev  0x00000000      0x2bd PSUControl/CurrentLimit.o
 .debug_loc     0x00000000      0x2ab PSUControl/CurrentLimit.o
 .debug_aranges
                0x00000000       0x38 PSUControl/CurrentLimit.o
 .debug_ranges  0x00000000       0x28 PSUControl/CurrentLimit.o
 .debug_line    0x00000000      0x1e1 PSUControl/CurrentLimit.o
 .debug_str     0x00000000      0x4e2 PSUControl/CurrentLimit.o
 .comment       0x00000000       0x31 PSUControl/CurrentLimit.o
 .debug_frame   0x00000000       0x88 PSUControl/CurrentLimit.o
 .text          0x00000000        0x0 Timers/PWM.o
 .data          0x00000000        0x0 Timers/PWM.o
 .bss           0x00000000        0x0 Timers/PWM.o
 .text._ZN3PWMC2Ev
                0x00000000        0x2 Timers/PWM.o
 .text._ZN3PWMD2Ev
                0x00000000        0x2 Timers/PWM.o
 .debug_info    0x00000000      0x399 Timers/PWM.o
 .debug_abbrev  0x00000000      0x144 Timers/PWM.o
 .debug_aranges
                0x00000000       0x28 Timers/PWM.o
 .debug_ranges  0x00000000       0x18 Timers/PWM.o
 .debug_line    0x00000000       0xe0 Timers/PWM.o
 .debug_str     0x00000000      0x296 Timers/PWM.o
 .comment       0x00000000       0x31 Timers/PWM.o
 .debug_frame   0x00000000       0x34 Timers/PWM.o
 .text          0x00000000        0x0 Timers/SystemClock.o
 .data          0x00000000        0x0 Timers/SystemClock.o
 .bss           0x00000000        0x0 Timers/SystemClock.o
 .text          0x00000000        0x0 Timers/timer.o
 .data          0x00000000        0x0 Timers/timer.o
 .bss           0x00000000        0x0 Timers/timer.o
 .text._ZN10timer_list13RegisterTimerEP5timer
                0x00000000       0x3c Timers/timer.o
 .text._ZN10timer_list15DeregisterTimerEh
                0x00000000       0x12 Timers/timer.o
 .text._ZN5timerC2Ev
                0x00000000       0x1e Timers/timer.o
 .text._ZN5timerC2Ej
                0x00000000       0x28 Timers/timer.o
 .text._ZN5timerD2Ev
                0x00000000       0x16 Timers/timer.o
 .text._ZN5timer5StartEv
                0x00000000        0x8 Timers/timer.o
 .text._ZN5timer5StartEj
                0x00000000        0xc Timers/timer.o
 .text._ZN5timer7RestartEv
                0x00000000        0xc Timers/timer.o
 .text._ZN5timer7RestartEj
                0x00000000       0x10 Timers/timer.o
 .text          0x00000000        0x0 c:/program files (x86)/atmel/studio/7.0/toolchain/avr8/avr8-gnu-toolchain/bin/../lib/gcc/avr/4.9.2/../../../../avr/lib/avr5\libm.a(divsf3.o)
 .data          0x00000000        0x0 c:/program files (x86)/atmel/studio/7.0/toolchain/avr8/avr8-gnu-toolchain/bin/../lib/gcc/avr/4.9.2/../../../../avr/lib/avr5\libm.a(divsf3.o)
 .bss           0x00000000        0x0 c:/program files (x86)/atmel/studio/7.0/toolchain/avr8/avr8-gnu-toolchain/bin/../lib/gcc/avr/4.9.2/../../../../avr/lib/avr5\libm.a(divsf3.o)
 .text.avr-libc.fplib
                0x00000000        0x8 c:/program files (x86)/atmel/studio/7.0/toolchain/avr8/avr8-gnu-toolchain/bin/../lib/gcc/avr/4.9.2/../../../../avr/lib/avr5\libm.a(divsf3.o)
 .text          0x00000000        0x0 c:/program files (x86)/atmel/studio/7.0/toolchain/avr8/avr8-gnu-toolchain/bin/../lib/gcc/avr/4.9.2/../../../../avr/lib/avr5\libm.a(divsf3x.o)
 .data          0x00000000        0x0 c:/program files (x86)/atmel/studio/7.0/toolchain/avr8/avr8-gnu-toolchain/bin/../lib/gcc/avr/4.9.2/../../../../avr/lib/avr5\libm.a(divsf3x.o)
 .bss           0x00000000        0x0 c:/program files (x86)/atmel/studio/7.0/toolchain/avr8/avr8-gnu-toolchain/bin/../lib/gcc/avr/4.9.2/../../../../avr/lib/avr5\libm.a(divsf3x.o)
 .text.avr-libc.fplib
                0x00000000       0xdc c:/program files (x86)/atmel/studio/7.0/toolchain/avr8/avr8-gnu-toolchain/bin/../lib/gcc/avr/4.9.2/../../../../avr/lib/avr5\libm.a(divsf3x.o)
 .text          0x00000000        0x0 c:/program files (x86)/atmel/studio/7.0/toolchain/avr8/avr8-gnu-toolchain/bin/../lib/gcc/avr/4.9.2/../../../../avr/lib/avr5\libm.a(fixunssfsi.o)
 .data          0x00000000        0x0 c:/program files (x86)/atmel/studio/7.0/toolchain/avr8/avr8-gnu-toolchain/bin/../lib/gcc/avr/4.9.2/../../../../avr/lib/avr5\libm.a(fixunssfsi.o)
 .bss           0x00000000        0x0 c:/program files (x86)/atmel/studio/7.0/toolchain/avr8/avr8-gnu-toolchain/bin/../lib/gcc/avr/4.9.2/../../../../avr/lib/avr5\libm.a(fixunssfsi.o)
 .text.avr-libc.fplib
                0x00000000       0x5e c:/program files (x86)/atmel/studio/7.0/toolchain/avr8/avr8-gnu-toolchain/bin/../lib/gcc/avr/4.9.2/../../../../avr/lib/avr5\libm.a(fixunssfsi.o)
 .text          0x00000000        0x0 c:/program files (x86)/atmel/studio/7.0/toolchain/avr8/avr8-gnu-toolchain/bin/../lib/gcc/avr/4.9.2/../../../../avr/lib/avr5\libm.a(floatsisf.o)
 .data          0x00000000        0x0 c:/program files (x86)/atmel/studio/7.0/toolchain/avr8/avr8-gnu-toolchain/bin/../lib/gcc/avr/4.9.2/../../../../avr/lib/avr5\libm.a(floatsisf.o)
 .bss           0x00000000        0x0 c:/program files (x86)/atmel/studio/7.0/toolchain/avr8/avr8-gnu-toolchain/bin/../lib/gcc/avr/4.9.2/../../../../avr/lib/avr5\libm.a(floatsisf.o)
 .text.avr-libc.fplib
                0x00000000       0x7a c:/program files (x86)/atmel/studio/7.0/toolchain/avr8/avr8-gnu-toolchain/bin/../lib/gcc/avr/4.9.2/../../../../avr/lib/avr5\libm.a(floatsisf.o)
 .text          0x00000000        0x0 c:/program files (x86)/atmel/studio/7.0/toolchain/avr8/avr8-gnu-toolchain/bin/../lib/gcc/avr/4.9.2/../../../../avr/lib/avr5\libm.a(fp_inf.o)
 .data          0x00000000        0x0 c:/program files (x86)/atmel/studio/7.0/toolchain/avr8/avr8-gnu-toolchain/bin/../lib/gcc/avr/4.9.2/../../../../avr/lib/avr5\libm.a(fp_inf.o)
 .bss           0x00000000        0x0 c:/program files (x86)/atmel/studio/7.0/toolchain/avr8/avr8-gnu-toolchain/bin/../lib/gcc/avr/4.9.2/../../../../avr/lib/avr5\libm.a(fp_inf.o)
 .text.avr-libc.fplib
                0x00000000        0xc c:/program files (x86)/atmel/studio/7.0/toolchain/avr8/avr8-gnu-toolchain/bin/../lib/gcc/avr/4.9.2/../../../../avr/lib/avr5\libm.a(fp_inf.o)
 .text          0x00000000        0x0 c:/program files (x86)/atmel/studio/7.0/toolchain/avr8/avr8-gnu-toolchain/bin/../lib/gcc/avr/4.9.2/../../../../avr/lib/avr5\libm.a(fp_nan.o)
 .data          0x00000000        0x0 c:/program files (x86)/atmel/studio/7.0/toolchain/avr8/avr8-gnu-toolchain/bin/../lib/gcc/avr/4.9.2/../../../../avr/lib/avr5\libm.a(fp_nan.o)
 .bss           0x00000000        0x0 c:/program files (x86)/atmel/studio/7.0/toolchain/avr8/avr8-gnu-toolchain/bin/../lib/gcc/avr/4.9.2/../../../../avr/lib/avr5\libm.a(fp_nan.o)
 .text.avr-libc.fplib
                0x00000000        0x6 c:/program files (x86)/atmel/studio/7.0/toolchain/avr8/avr8-gnu-toolchain/bin/../lib/gcc/avr/4.9.2/../../../../avr/lib/avr5\libm.a(fp_nan.o)
 .text          0x00000000        0x0 c:/program files (x86)/atmel/studio/7.0/toolchain/avr8/avr8-gnu-toolchain/bin/../lib/gcc/avr/4.9.2/../../../../avr/lib/avr5\libm.a(fp_pscA.o)
 .data          0x00000000        0x0 c:/program files (x86)/atmel/studio/7.0/toolchain/avr8/avr8-gnu-toolchain/bin/../lib/gcc/avr/4.9.2/../../../../avr/lib/avr5\libm.a(fp_pscA.o)
 .bss           0x00000000        0x0 c:/program files (x86)/atmel/studio/7.0/toolchain/avr8/avr8-gnu-toolchain/bin/../lib/gcc/avr/4.9.2/../../../../avr/lib/avr5\libm.a(fp_pscA.o)
 .text.avr-libc.fplib
                0x00000000        0xe c:/program files (x86)/atmel/studio/7.0/toolchain/avr8/avr8-gnu-toolchain/bin/../lib/gcc/avr/4.9.2/../../../../avr/lib/avr5\libm.a(fp_pscA.o)
 .text          0x00000000        0x0 c:/program files (x86)/atmel/studio/7.0/toolchain/avr8/avr8-gnu-toolchain/bin/../lib/gcc/avr/4.9.2/../../../../avr/lib/avr5\libm.a(fp_pscB.o)
 .data          0x00000000        0x0 c:/program files (x86)/atmel/studio/7.0/toolchain/avr8/avr8-gnu-toolchain/bin/../lib/gcc/avr/4.9.2/../../../../avr/lib/avr5\libm.a(fp_pscB.o)
 .bss           0x00000000        0x0 c:/program files (x86)/atmel/studio/7.0/toolchain/avr8/avr8-gnu-toolchain/bin/../lib/gcc/avr/4.9.2/../../../../avr/lib/avr5\libm.a(fp_pscB.o)
 .text.avr-libc.fplib
                0x00000000        0xe c:/program files (x86)/atmel/studio/7.0/toolchain/avr8/avr8-gnu-toolchain/bin/../lib/gcc/avr/4.9.2/../../../../avr/lib/avr5\libm.a(fp_pscB.o)
 .text          0x00000000        0x0 c:/program files (x86)/atmel/studio/7.0/toolchain/avr8/avr8-gnu-toolchain/bin/../lib/gcc/avr/4.9.2/../../../../avr/lib/avr5\libm.a(fp_round.o)
 .data          0x00000000        0x0 c:/program files (x86)/atmel/studio/7.0/toolchain/avr8/avr8-gnu-toolchain/bin/../lib/gcc/avr/4.9.2/../../../../avr/lib/avr5\libm.a(fp_round.o)
 .bss           0x00000000        0x0 c:/program files (x86)/atmel/studio/7.0/toolchain/avr8/avr8-gnu-toolchain/bin/../lib/gcc/avr/4.9.2/../../../../avr/lib/avr5\libm.a(fp_round.o)
 .text.avr-libc.fplib
                0x00000000       0x22 c:/program files (x86)/atmel/studio/7.0/toolchain/avr8/avr8-gnu-toolchain/bin/../lib/gcc/avr/4.9.2/../../../../avr/lib/avr5\libm.a(fp_round.o)
 .text          0x00000000        0x0 c:/program files (x86)/atmel/studio/7.0/toolchain/avr8/avr8-gnu-toolchain/bin/../lib/gcc/avr/4.9.2/../../../../avr/lib/avr5\libm.a(fp_split3.o)
 .data          0x00000000        0x0 c:/program files (x86)/atmel/studio/7.0/toolchain/avr8/avr8-gnu-toolchain/bin/../lib/gcc/avr/4.9.2/../../../../avr/lib/avr5\libm.a(fp_split3.o)
 .bss           0x00000000        0x0 c:/program files (x86)/atmel/studio/7.0/toolchain/avr8/avr8-gnu-toolchain/bin/../lib/gcc/avr/4.9.2/../../../../avr/lib/avr5\libm.a(fp_split3.o)
 .text.avr-libc.fplib
                0x00000000       0x44 c:/program files (x86)/atmel/studio/7.0/toolchain/avr8/avr8-gnu-toolchain/bin/../lib/gcc/avr/4.9.2/../../../../avr/lib/avr5\libm.a(fp_split3.o)
 .text          0x00000000        0x0 c:/program files (x86)/atmel/studio/7.0/toolchain/avr8/avr8-gnu-toolchain/bin/../lib/gcc/avr/4.9.2/../../../../avr/lib/avr5\libm.a(fp_zero.o)
 .data          0x00000000        0x0 c:/program files (x86)/atmel/studio/7.0/toolchain/avr8/avr8-gnu-toolchain/bin/../lib/gcc/avr/4.9.2/../../../../avr/lib/avr5\libm.a(fp_zero.o)
 .bss           0x00000000        0x0 c:/program files (x86)/atmel/studio/7.0/toolchain/avr8/avr8-gnu-toolchain/bin/../lib/gcc/avr/4.9.2/../../../../avr/lib/avr5\libm.a(fp_zero.o)
 .text.avr-libc.fplib
                0x00000000        0xe c:/program files (x86)/atmel/studio/7.0/toolchain/avr8/avr8-gnu-toolchain/bin/../lib/gcc/avr/4.9.2/../../../../avr/lib/avr5\libm.a(fp_zero.o)
 .text          0x00000000        0x0 c:/program files (x86)/atmel/studio/7.0/toolchain/avr8/avr8-gnu-toolchain/bin/../lib/gcc/avr/4.9.2/../../../../avr/lib/avr5\libm.a(mulsf3.o)
 .data          0x00000000        0x0 c:/program files (x86)/atmel/studio/7.0/toolchain/avr8/avr8-gnu-toolchain/bin/../lib/gcc/avr/4.9.2/../../../../avr/lib/avr5\libm.a(mulsf3.o)
 .bss           0x00000000        0x0 c:/program files (x86)/atmel/studio/7.0/toolchain/avr8/avr8-gnu-toolchain/bin/../lib/gcc/avr/4.9.2/../../../../avr/lib/avr5\libm.a(mulsf3.o)
 .text.avr-libc.fplib
                0x00000000        0x8 c:/program files (x86)/atmel/studio/7.0/toolchain/avr8/avr8-gnu-toolchain/bin/../lib/gcc/avr/4.9.2/../../../../avr/lib/avr5\libm.a(mulsf3.o)
 .text          0x00000000        0x0 c:/program files (x86)/atmel/studio/7.0/toolchain/avr8/avr8-gnu-toolchain/bin/../lib/gcc/avr/4.9.2/../../../../avr/lib/avr5\libm.a(mulsf3x.o)
 .data          0x00000000        0x0 c:/program files (x86)/atmel/studio/7.0/toolchain/avr8/avr8-gnu-toolchain/bin/../lib/gcc/avr/4.9.2/../../../../avr/lib/avr5\libm.a(mulsf3x.o)
 .bss           0x00000000        0x0 c:/program files (x86)/atmel/studio/7.0/toolchain/avr8/avr8-gnu-toolchain/bin/../lib/gcc/avr/4.9.2/../../../../avr/lib/avr5\libm.a(mulsf3x.o)
 .text.avr-libc.fplib
                0x00000000       0xd2 c:/program files (x86)/atmel/studio/7.0/toolchain/avr8/avr8-gnu-toolchain/bin/../lib/gcc/avr/4.9.2/../../../../avr/lib/avr5\libm.a(mulsf3x.o)
 .text          0x00000000        0x0 c:/program files (x86)/atmel/studio/7.0/toolchain/avr8/avr8-gnu-toolchain/bin/../lib/gcc/avr/4.9.2/avr5\libgcc.a(_exit.o)
 .data          0x00000000        0x0 c:/program files (x86)/atmel/studio/7.0/toolchain/avr8/avr8-gnu-toolchain/bin/../lib/gcc/avr/4.9.2/avr5\libgcc.a(_exit.o)
 .bss           0x00000000        0x0 c:/program files (x86)/atmel/studio/7.0/toolchain/avr8/avr8-gnu-toolchain/bin/../lib/gcc/avr/4.9.2/avr5\libgcc.a(_exit.o)
 .text.libgcc.mul
                0x00000000        0x0 c:/program files (x86)/atmel/studio/7.0/toolchain/avr8/avr8-gnu-toolchain/bin/../lib/gcc/avr/4.9.2/avr5\libgcc.a(_exit.o)
 .text.libgcc.div
                0x00000000        0x0 c:/program files (x86)/atmel/studio/7.0/toolchain/avr8/avr8-gnu-toolchain/bin/../lib/gcc/avr/4.9.2/avr5\libgcc.a(_exit.o)
 .text.libgcc   0x00000000        0x0 c:/program files (x86)/atmel/studio/7.0/toolchain/avr8/avr8-gnu-toolchain/bin/../lib/gcc/avr/4.9.2/avr5\libgcc.a(_exit.o)
 .text.libgcc.prologue
                0x00000000        0x0 c:/program files (x86)/atmel/studio/7.0/toolchain/avr8/avr8-gnu-toolchain/bin/../lib/gcc/avr/4.9.2/avr5\libgcc.a(_exit.o)
 .text.libgcc.builtins
                0x00000000        0x0 c:/program files (x86)/atmel/studio/7.0/toolchain/avr8/avr8-gnu-toolchain/bin/../lib/gcc/avr/4.9.2/avr5\libgcc.a(_exit.o)
 .text.libgcc.fmul
                0x00000000        0x0 c:/program files (x86)/atmel/studio/7.0/toolchain/avr8/avr8-gnu-toolchain/bin/../lib/gcc/avr/4.9.2/avr5\libgcc.a(_exit.o)
 .text.libgcc.fixed
                0x00000000        0x0 c:/program files (x86)/atmel/studio/7.0/toolchain/avr8/avr8-gnu-toolchain/bin/../lib/gcc/avr/4.9.2/avr5\libgcc.a(_exit.o)
 .text          0x00000000        0x0 c:/program files (x86)/atmel/studio/7.0/toolchain/avr8/avr8-gnu-toolchain/bin/../lib/gcc/avr/4.9.2/avr5\libgcc.a(_copy_data.o)
 .data          0x00000000        0x0 c:/program files (x86)/atmel/studio/7.0/toolchain/avr8/avr8-gnu-toolchain/bin/../lib/gcc/avr/4.9.2/avr5\libgcc.a(_copy_data.o)
 .bss           0x00000000        0x0 c:/program files (x86)/atmel/studio/7.0/toolchain/avr8/avr8-gnu-toolchain/bin/../lib/gcc/avr/4.9.2/avr5\libgcc.a(_copy_data.o)
 .text.libgcc.mul
                0x00000000        0x0 c:/program files (x86)/atmel/studio/7.0/toolchain/avr8/avr8-gnu-toolchain/bin/../lib/gcc/avr/4.9.2/avr5\libgcc.a(_copy_data.o)
 .text.libgcc.div
                0x00000000        0x0 c:/program files (x86)/atmel/studio/7.0/toolchain/avr8/avr8-gnu-toolchain/bin/../lib/gcc/avr/4.9.2/avr5\libgcc.a(_copy_data.o)
 .text.libgcc   0x00000000        0x0 c:/program files (x86)/atmel/studio/7.0/toolchain/avr8/avr8-gnu-toolchain/bin/../lib/gcc/avr/4.9.2/avr5\libgcc.a(_copy_data.o)
 .text.libgcc.prologue
                0x00000000        0x0 c:/program files (x86)/atmel/studio/7.0/toolchain/avr8/avr8-gnu-toolchain/bin/../lib/gcc/avr/4.9.2/avr5\libgcc.a(_copy_data.o)
 .text.libgcc.builtins
                0x00000000        0x0 c:/program files (x86)/atmel/studio/7.0/toolchain/avr8/avr8-gnu-toolchain/bin/../lib/gcc/avr/4.9.2/avr5\libgcc.a(_copy_data.o)
 .text.libgcc.fmul
                0x00000000        0x0 c:/program files (x86)/atmel/studio/7.0/toolchain/avr8/avr8-gnu-toolchain/bin/../lib/gcc/avr/4.9.2/avr5\libgcc.a(_copy_data.o)
 .text.libgcc.fixed
                0x00000000        0x0 c:/program files (x86)/atmel/studio/7.0/toolchain/avr8/avr8-gnu-toolchain/bin/../lib/gcc/avr/4.9.2/avr5\libgcc.a(_copy_data.o)
 .text          0x00000000        0x0 c:/program files (x86)/atmel/studio/7.0/toolchain/avr8/avr8-gnu-toolchain/bin/../lib/gcc/avr/4.9.2/avr5\libgcc.a(_clear_bss.o)
 .data          0x00000000        0x0 c:/program files (x86)/atmel/studio/7.0/toolchain/avr8/avr8-gnu-toolchain/bin/../lib/gcc/avr/4.9.2/avr5\libgcc.a(_clear_bss.o)
 .bss           0x00000000        0x0 c:/program files (x86)/atmel/studio/7.0/toolchain/avr8/avr8-gnu-toolchain/bin/../lib/gcc/avr/4.9.2/avr5\libgcc.a(_clear_bss.o)
 .text.libgcc.mul
                0x00000000        0x0 c:/program files (x86)/atmel/studio/7.0/toolchain/avr8/avr8-gnu-toolchain/bin/../lib/gcc/avr/4.9.2/avr5\libgcc.a(_clear_bss.o)
 .text.libgcc.div
                0x00000000        0x0 c:/program files (x86)/atmel/studio/7.0/toolchain/avr8/avr8-gnu-toolchain/bin/../lib/gcc/avr/4.9.2/avr5\libgcc.a(_clear_bss.o)
 .text.libgcc   0x00000000        0x0 c:/program files (x86)/atmel/studio/7.0/toolchain/avr8/avr8-gnu-toolchain/bin/../lib/gcc/avr/4.9.2/avr5\libgcc.a(_clear_bss.o)
 .text.libgcc.prologue
                0x00000000        0x0 c:/program files (x86)/atmel/studio/7.0/toolchain/avr8/avr8-gnu-toolchain/bin/../lib/gcc/avr/4.9.2/avr5\libgcc.a(_clear_bss.o)
 .text.libgcc.builtins
                0x00000000        0x0 c:/program files (x86)/atmel/studio/7.0/toolchain/avr8/avr8-gnu-toolchain/bin/../lib/gcc/avr/4.9.2/avr5\libgcc.a(_clear_bss.o)
 .text.libgcc.fmul
                0x00000000        0x0 c:/program files (x86)/atmel/studio/7.0/toolchain/avr8/avr8-gnu-toolchain/bin/../lib/gcc/avr/4.9.2/avr5\libgcc.a(_clear_bss.o)
 .text.libgcc.fixed
                0x00000000        0x0 c:/program files (x86)/atmel/studio/7.0/toolchain/avr8/avr8-gnu-toolchain/bin/../lib/gcc/avr/4.9.2/avr5\libgcc.a(_clear_bss.o)
 .text          0x00000000        0x0 c:/program files (x86)/atmel/studio/7.0/toolchain/avr8/avr8-gnu-toolchain/bin/../lib/gcc/avr/4.9.2/avr5\libgcc.a(_ctors.o)
 .data          0x00000000        0x0 c:/program files (x86)/atmel/studio/7.0/toolchain/avr8/avr8-gnu-toolchain/bin/../lib/gcc/avr/4.9.2/avr5\libgcc.a(_ctors.o)
 .bss           0x00000000        0x0 c:/program files (x86)/atmel/studio/7.0/toolchain/avr8/avr8-gnu-toolchain/bin/../lib/gcc/avr/4.9.2/avr5\libgcc.a(_ctors.o)
 .text.libgcc.mul
                0x00000000        0x0 c:/program files (x86)/atmel/studio/7.0/toolchain/avr8/avr8-gnu-toolchain/bin/../lib/gcc/avr/4.9.2/avr5\libgcc.a(_ctors.o)
 .text.libgcc.div
                0x00000000        0x0 c:/program files (x86)/atmel/studio/7.0/toolchain/avr8/avr8-gnu-toolchain/bin/../lib/gcc/avr/4.9.2/avr5\libgcc.a(_ctors.o)
 .text.libgcc   0x00000000        0x0 c:/program files (x86)/atmel/studio/7.0/toolchain/avr8/avr8-gnu-toolchain/bin/../lib/gcc/avr/4.9.2/avr5\libgcc.a(_ctors.o)
 .text.libgcc.prologue
                0x00000000        0x0 c:/program files (x86)/atmel/studio/7.0/toolchain/avr8/avr8-gnu-toolchain/bin/../lib/gcc/avr/4.9.2/avr5\libgcc.a(_ctors.o)
 .text.libgcc.builtins
                0x00000000        0x0 c:/program files (x86)/atmel/studio/7.0/toolchain/avr8/avr8-gnu-toolchain/bin/../lib/gcc/avr/4.9.2/avr5\libgcc.a(_ctors.o)
 .text.libgcc.fmul
                0x00000000        0x0 c:/program files (x86)/atmel/studio/7.0/toolchain/avr8/avr8-gnu-toolchain/bin/../lib/gcc/avr/4.9.2/avr5\libgcc.a(_ctors.o)
 .text.libgcc.fixed
                0x00000000        0x0 c:/program files (x86)/atmel/studio/7.0/toolchain/avr8/avr8-gnu-toolchain/bin/../lib/gcc/avr/4.9.2/avr5\libgcc.a(_ctors.o)
 .text          0x00000000        0x0 c:/program files (x86)/atmel/studio/7.0/toolchain/avr8/avr8-gnu-toolchain/bin/../lib/gcc/avr/4.9.2/avr5\libgcc.a(_dtors.o)
 .data          0x00000000        0x0 c:/program files (x86)/atmel/studio/7.0/toolchain/avr8/avr8-gnu-toolchain/bin/../lib/gcc/avr/4.9.2/avr5\libgcc.a(_dtors.o)
 .bss           0x00000000        0x0 c:/program files (x86)/atmel/studio/7.0/toolchain/avr8/avr8-gnu-toolchain/bin/../lib/gcc/avr/4.9.2/avr5\libgcc.a(_dtors.o)
 .text.libgcc.mul
                0x00000000        0x0 c:/program files (x86)/atmel/studio/7.0/toolchain/avr8/avr8-gnu-toolchain/bin/../lib/gcc/avr/4.9.2/avr5\libgcc.a(_dtors.o)
 .text.libgcc.div
                0x00000000        0x0 c:/program files (x86)/atmel/studio/7.0/toolchain/avr8/avr8-gnu-toolchain/bin/../lib/gcc/avr/4.9.2/avr5\libgcc.a(_dtors.o)
 .text.libgcc   0x00000000        0x0 c:/program files (x86)/atmel/studio/7.0/toolchain/avr8/avr8-gnu-toolchain/bin/../lib/gcc/avr/4.9.2/avr5\libgcc.a(_dtors.o)
 .text.libgcc.prologue
                0x00000000        0x0 c:/program files (x86)/atmel/studio/7.0/toolchain/avr8/avr8-gnu-toolchain/bin/../lib/gcc/avr/4.9.2/avr5\libgcc.a(_dtors.o)
 .text.libgcc.builtins
                0x00000000        0x0 c:/program files (x86)/atmel/studio/7.0/toolchain/avr8/avr8-gnu-toolchain/bin/../lib/gcc/avr/4.9.2/avr5\libgcc.a(_dtors.o)
 .text.libgcc.fmul
                0x00000000        0x0 c:/program files (x86)/atmel/studio/7.0/toolchain/avr8/avr8-gnu-toolchain/bin/../lib/gcc/avr/4.9.2/avr5\libgcc.a(_dtors.o)
 .text.libgcc.fixed
                0x00000000        0x0 c:/program files (x86)/atmel/studio/7.0/toolchain/avr8/avr8-gnu-toolchain/bin/../lib/gcc/avr/4.9.2/avr5\libgcc.a(_dtors.o)
 .text          0x00000000        0x0 c:/program files (x86)/atmel/studio/7.0/toolchain/avr8/avr8-gnu-toolchain/bin/../lib/gcc/avr/4.9.2/avr5\libgcc.a(_tablejump2.o)
 .data          0x00000000        0x0 c:/program files (x86)/atmel/studio/7.0/toolchain/avr8/avr8-gnu-toolchain/bin/../lib/gcc/avr/4.9.2/avr5\libgcc.a(_tablejump2.o)
 .bss           0x00000000        0x0 c:/program files (x86)/atmel/studio/7.0/toolchain/avr8/avr8-gnu-toolchain/bin/../lib/gcc/avr/4.9.2/avr5\libgcc.a(_tablejump2.o)
 .text.libgcc.mul
                0x00000000        0x0 c:/program files (x86)/atmel/studio/7.0/toolchain/avr8/avr8-gnu-toolchain/bin/../lib/gcc/avr/4.9.2/avr5\libgcc.a(_tablejump2.o)
 .text.libgcc.div
                0x00000000        0x0 c:/program files (x86)/atmel/studio/7.0/toolchain/avr8/avr8-gnu-toolchain/bin/../lib/gcc/avr/4.9.2/avr5\libgcc.a(_tablejump2.o)
 .text.libgcc.prologue
                0x00000000        0x0 c:/program files (x86)/atmel/studio/7.0/toolchain/avr8/avr8-gnu-toolchain/bin/../lib/gcc/avr/4.9.2/avr5\libgcc.a(_tablejump2.o)
 .text.libgcc.builtins
                0x00000000        0x0 c:/program files (x86)/atmel/studio/7.0/toolchain/avr8/avr8-gnu-toolchain/bin/../lib/gcc/avr/4.9.2/avr5\libgcc.a(_tablejump2.o)
 .text.libgcc.fmul
                0x00000000        0x0 c:/program files (x86)/atmel/studio/7.0/toolchain/avr8/avr8-gnu-toolchain/bin/../lib/gcc/avr/4.9.2/avr5\libgcc.a(_tablejump2.o)
 .text.libgcc.fixed
                0x00000000        0x0 c:/program files (x86)/atmel/studio/7.0/toolchain/avr8/avr8-gnu-toolchain/bin/../lib/gcc/avr/4.9.2/avr5\libgcc.a(_tablejump2.o)
 .text          0x00000000        0x0 c:/program files (x86)/atmel/studio/7.0/toolchain/avr8/avr8-gnu-toolchain/bin/../lib/gcc/avr/4.9.2/../../../../avr/lib/avr5\libc.a(malloc.o)
 .data          0x00000000        0x6 c:/program files (x86)/atmel/studio/7.0/toolchain/avr8/avr8-gnu-toolchain/bin/../lib/gcc/avr/4.9.2/../../../../avr/lib/avr5\libc.a(malloc.o)
 .bss           0x00000000        0x0 c:/program files (x86)/atmel/studio/7.0/toolchain/avr8/avr8-gnu-toolchain/bin/../lib/gcc/avr/4.9.2/../../../../avr/lib/avr5\libc.a(malloc.o)
 .text.avr-libc
                0x00000000      0x25a c:/program files (x86)/atmel/studio/7.0/toolchain/avr8/avr8-gnu-toolchain/bin/../lib/gcc/avr/4.9.2/../../../../avr/lib/avr5\libc.a(malloc.o)
 .comment       0x00000000       0x31 c:/program files (x86)/atmel/studio/7.0/toolchain/avr8/avr8-gnu-toolchain/bin/../lib/gcc/avr/4.9.2/../../../../avr/lib/avr5\libc.a(malloc.o)
 COMMON         0x00000000        0x4 c:/program files (x86)/atmel/studio/7.0/toolchain/avr8/avr8-gnu-toolchain/bin/../lib/gcc/avr/4.9.2/../../../../avr/lib/avr5\libc.a(malloc.o)
 .text          0x00000000        0x0 c:/program files (x86)/atmel/studio/7.0/toolchain/avr8/avr8-gnu-toolchain/bin/../lib/gcc/avr/4.9.2/../../../../avr/lib/avr5\libc.a(memcpy.o)
 .data          0x00000000        0x0 c:/program files (x86)/atmel/studio/7.0/toolchain/avr8/avr8-gnu-toolchain/bin/../lib/gcc/avr/4.9.2/../../../../avr/lib/avr5\libc.a(memcpy.o)
 .bss           0x00000000        0x0 c:/program files (x86)/atmel/studio/7.0/toolchain/avr8/avr8-gnu-toolchain/bin/../lib/gcc/avr/4.9.2/../../../../avr/lib/avr5\libc.a(memcpy.o)
 .text.avr-libc
                0x00000000       0x12 c:/program files (x86)/atmel/studio/7.0/toolchain/avr8/avr8-gnu-toolchain/bin/../lib/gcc/avr/4.9.2/../../../../avr/lib/avr5\libc.a(memcpy.o)

Memory Configuration

Name             Origin             Length             Attributes
text             0x00000000         0x00020000         xr
data             0x00800060         0x0000ffa0         rw !x
eeprom           0x00810000         0x00010000         rw !x
fuse             0x00820000         0x00000400         rw !x
lock             0x00830000         0x00000400         rw !x
signature        0x00840000         0x00000400         rw !x
user_signatures  0x00850000         0x00000400         rw !x
*default*        0x00000000         0xffffffff

Linker script and memory map

Address of section .data set to 0x800100
LOAD C:/Program Files (x86)/Atmel/Studio/7.0/Packs/atmel/ATmega_DFP/1.0.106/gcc/dev/atmega169a/avr5/crtatmega169a.o
LOAD Application/buttons.o
LOAD Core/MessageQueue.o
LOAD Display/font.o
LOAD Display/LM6029ACW.o
LOAD Display/ST7565R.o
LOAD HAL/adc.o
LOAD HAL/hal.o
LOAD HAL/LCD_HW.o
LOAD HAL/port.o
LOAD HAL/tc0.o
LOAD HAL/tc1_pwm.o
LOAD HAL/tc2.o
LOAD HAL/twi.o
LOAD main.o
LOAD Peripherals/EEPROM_24LC08.o
LOAD Peripherals/INA219.o
LOAD Peripherals/MCP4716A0T.o
LOAD PSUControl/CurrentLimit.o
LOAD Timers/PWM.o
LOAD Timers/SystemClock.o
LOAD Timers/timer.o
START GROUP
LOAD c:/program files (x86)/atmel/studio/7.0/toolchain/avr8/avr8-gnu-toolchain/bin/../lib/gcc/avr/4.9.2/../../../../avr/lib/avr5\libm.a
END GROUP
LOAD c:/program files (x86)/atmel/studio/7.0/toolchain/avr8/avr8-gnu-toolchain/bin/../lib/gcc/avr/4.9.2/avr5\libgcc.a
LOAD c:/program files (x86)/atmel/studio/7.0/toolchain/avr8/avr8-gnu-toolchain/bin/../lib/gcc/avr/4.9.2/../../../../avr/lib/avr5\libm.a
START GROUP
LOAD c:/program files (x86)/atmel/studio/7.0/toolchain/avr8/avr8-gnu-toolchain/bin/../lib/gcc/avr/4.9.2/avr5\libgcc.a
LOAD c:/program files (x86)/atmel/studio/7.0/toolchain/avr8/avr8-gnu-toolchain/bin/../lib/gcc/avr/4.9.2/../../../../avr/lib/avr5\libm.a
LOAD c:/program files (x86)/atmel/studio/7.0/toolchain/avr8/avr8-gnu-toolchain/bin/../lib/gcc/avr/4.9.2/../../../../avr/lib/avr5\libc.a
LOAD C:/Program Files (x86)/Atmel/Studio/7.0/Packs/atmel/ATmega_DFP/1.0.106/gcc/dev/atmega169a/avr5\libatmega169a.a
END GROUP
                0x00020000                __TEXT_REGION_LENGTH__ = DEFINED (__TEXT_REGION_LENGTH__)?__TEXT_REGION_LENGTH__:0x20000
                0x0000ffa0                __DATA_REGION_LENGTH__ = DEFINED (__DATA_REGION_LENGTH__)?__DATA_REGION_LENGTH__:0xffa0
                0x00010000                __EEPROM_REGION_LENGTH__ = DEFINED (__EEPROM_REGION_LENGTH__)?__EEPROM_REGION_LENGTH__:0x10000
                0x00000400                __FUSE_REGION_LENGTH__ = DEFINED (__FUSE_REGION_LENGTH__)?__FUSE_REGION_LENGTH__:0x400
                0x00000400                __LOCK_REGION_LENGTH__ = DEFINED (__LOCK_REGION_LENGTH__)?__LOCK_REGION_LENGTH__:0x400
                0x00000400                __SIGNATURE_REGION_LENGTH__ = DEFINED (__SIGNATURE_REGION_LENGTH__)?__SIGNATURE_REGION_LENGTH__:0x400
                0x00000400                __USER_SIGNATURE_REGION_LENGTH__ = DEFINED (__USER_SIGNATURE_REGION_LENGTH__)?__USER_SIGNATURE_REGION_LENGTH__:0x400

.hash
 *(.hash)

.dynsym
 *(.dynsym)

.dynstr
 *(.dynstr)

.gnu.version
 *(.gnu.version)

.gnu.version_d
 *(.gnu.version_d)

.gnu.version_r
 *(.gnu.version_r)

.rel.init
 *(.rel.init)

.rela.init
 *(.rela.init)

.rel.text
 *(.rel.text)
 *(.rel.text.*)
 *(.rel.gnu.linkonce.t*)

.rela.text
 *(.rela.text)
 *(.rela.text.*)
 *(.rela.gnu.linkonce.t*)

.rel.fini
 *(.rel.fini)

.rela.fini
 *(.rela.fini)

.rel.rodata
 *(.rel.rodata)
 *(.rel.rodata.*)
 *(.rel.gnu.linkonce.r*)

.rela.rodata
 *(.rela.rodata)
 *(.rela.rodata.*)
 *(.rela.gnu.linkonce.r*)

.rel.data
 *(.rel.data)
 *(.rel.data.*)
 *(.rel.gnu.linkonce.d*)

.rela.data
 *(.rela.data)
 *(.rela.data.*)
 *(.rela.gnu.linkonce.d*)

.rel.ctors
 *(.rel.ctors)

.rela.ctors
 *(.rela.ctors)

.rel.dtors
 *(.rel.dtors)

.rela.dtors
 *(.rela.dtors)

.rel.got
 *(.rel.got)

.rela.got
 *(.rela.got)

.rel.bss
 *(.rel.bss)

.rela.bss
 *(.rela.bss)

.rel.plt
 *(.rel.plt)

.rela.plt
 *(.rela.plt)

.text           0x00000000      0xbae
 *(.vectors)
 .vectors       0x00000000       0x5c C:/Program Files (x86)/Atmel/Studio/7.0/Packs/atmel/ATmega_DFP/1.0.106/gcc/dev/atmega169a/avr5/crtatmega169a.o
                0x00000000                __vector_default
                0x00000000                __vectors
 *(.vectors)
 *(.progmem.gcc*)
                0x0000005c                . = ALIGN (0x2)
                0x0000005c                __trampolines_start = .
 *(.trampolines)
 .trampolines   0x0000005c        0x0 linker stubs
 *(.trampolines*)
                0x0000005c                __trampolines_end = .
 *libprintf_flt.a:*(.progmem.data)
 *libc.a:*(.progmem.data)
 *(.progmem*)
 .progmem.data._ZL15ascii_char_0x7e
                0x0000005c        0x7 Display/LM6029ACW.o
 .progmem.data._ZL15ascii_char_0x7d
                0x00000063        0x4 Display/LM6029ACW.o
 .progmem.data._ZL15ascii_char_0x7c
                0x00000067        0x2 Display/LM6029ACW.o
 .progmem.data._ZL15ascii_char_0x7b
                0x00000069        0x4 Display/LM6029ACW.o
 .progmem.data._ZL15ascii_char_0x7a
                0x0000006d        0x6 Display/LM6029ACW.o
 .progmem.data._ZL15ascii_char_0x79
                0x00000073        0x6 Display/LM6029ACW.o
 .progmem.data._ZL15ascii_char_0x78
                0x00000079        0x6 Display/LM6029ACW.o
 .progmem.data._ZL15ascii_char_0x77
                0x0000007f        0x6 Display/LM6029ACW.o
 .progmem.data._ZL15ascii_char_0x76
                0x00000085        0x6 Display/LM6029ACW.o
 .progmem.data._ZL15ascii_char_0x75
                0x0000008b        0x6 Display/LM6029ACW.o
 .progmem.data._ZL15ascii_char_0x74
                0x00000091        0x5 Display/LM6029ACW.o
 .progmem.data._ZL15ascii_char_0x73
                0x00000096        0x6 Display/LM6029ACW.o
 .progmem.data._ZL15ascii_char_0x72
                0x0000009c        0x6 Display/LM6029ACW.o
 .progmem.data._ZL15ascii_char_0x71
                0x000000a2        0x6 Display/LM6029ACW.o
 .progmem.data._ZL15ascii_char_0x70
                0x000000a8        0x6 Display/LM6029ACW.o
 .progmem.data._ZL15ascii_char_0x6f
                0x000000ae        0x6 Display/LM6029ACW.o
 .progmem.data._ZL15ascii_char_0x6e
                0x000000b4        0x6 Display/LM6029ACW.o
 .progmem.data._ZL15ascii_char_0x6d
                0x000000ba        0x6 Display/LM6029ACW.o
 .progmem.data._ZL15ascii_char_0x6c
                0x000000c0        0x2 Display/LM6029ACW.o
 .progmem.data._ZL15ascii_char_0x6b
                0x000000c2        0x6 Display/LM6029ACW.o
 .progmem.data._ZL15ascii_char_0x6a
                0x000000c8        0x3 Display/LM6029ACW.o
 .progmem.data._ZL15ascii_char_0x69
                0x000000cb        0x2 Display/LM6029ACW.o
 .progmem.data._ZL15ascii_char_0x68
                0x000000cd        0x6 Display/LM6029ACW.o
 .progmem.data._ZL15ascii_char_0x67
                0x000000d3        0x6 Display/LM6029ACW.o
 .progmem.data._ZL15ascii_char_0x66
                0x000000d9        0x5 Display/LM6029ACW.o
 .progmem.data._ZL15ascii_char_0x65
                0x000000de        0x6 Display/LM6029ACW.o
 .progmem.data._ZL15ascii_char_0x64
                0x000000e4        0x6 Display/LM6029ACW.o
 .progmem.data._ZL15ascii_char_0x63
                0x000000ea        0x6 Display/LM6029ACW.o
 .progmem.data._ZL15ascii_char_0x62
                0x000000f0        0x6 Display/LM6029ACW.o
 .progmem.data._ZL15ascii_char_0x61
                0x000000f6        0x6 Display/LM6029ACW.o
 .progmem.data._ZL15ascii_char_0x60
                0x000000fc        0x4 Display/LM6029ACW.o
 .progmem.data._ZL15ascii_char_0x5f
                0x00000100        0x5 Display/LM6029ACW.o
 .progmem.data._ZL15ascii_char_0x5e
                0x00000105        0x4 Display/LM6029ACW.o
 .progmem.data._ZL15ascii_char_0x5d
                0x00000109        0x3 Display/LM6029ACW.o
 .progmem.data._ZL15ascii_char_0x5c
                0x0000010c        0x5 Display/LM6029ACW.o
 .progmem.data._ZL15ascii_char_0x5b
                0x00000111        0x3 Display/LM6029ACW.o
 .progmem.data._ZL15ascii_char_0x5a
                0x00000114        0x6 Display/LM6029ACW.o
 .progmem.data._ZL15ascii_char_0x59
                0x0000011a        0x6 Display/LM6029ACW.o
 .progmem.data._ZL15ascii_char_0x58
                0x00000120        0x6 Display/LM6029ACW.o
 .progmem.data._ZL15ascii_char_0x57
                0x00000126        0x6 Display/LM6029ACW.o
 .progmem.data._ZL15ascii_char_0x56
                0x0000012c        0x6 Display/LM6029ACW.o
 .progmem.data._ZL15ascii_char_0x55
                0x00000132        0x6 Display/LM6029ACW.o
 .progmem.data._ZL15ascii_char_0x54
                0x00000138        0x6 Display/LM6029ACW.o
 .progmem.data._ZL15ascii_char_0x53
                0x0000013e        0x6 Display/LM6029ACW.o
 .progmem.data._ZL15ascii_char_0x52
                0x00000144        0x6 Display/LM6029ACW.o
 .progmem.data._ZL15ascii_char_0x51
                0x0000014a        0x6 Display/LM6029ACW.o
 .progmem.data._ZL15ascii_char_0x50
                0x00000150        0x6 Display/LM6029ACW.o
 .progmem.data._ZL15ascii_char_0x4f
                0x00000156        0x6 Display/LM6029ACW.o
 .progmem.data._ZL15ascii_char_0x4e
                0x0000015c        0x6 Display/LM6029ACW.o
 .progmem.data._ZL15ascii_char_0x4d
                0x00000162        0x6 Display/LM6029ACW.o
 .progmem.data._ZL15ascii_char_0x4c
                0x00000168        0x6 Display/LM6029ACW.o
 .progmem.data._ZL15ascii_char_0x4b
                0x0000016e        0x6 Display/LM6029ACW.o
 .progmem.data._ZL15ascii_char_0x4a
                0x00000174        0x6 Display/LM6029ACW.o
 .progmem.data._ZL15ascii_char_0x49
                0x0000017a        0x4 Display/LM6029ACW.o
 .progmem.data._ZL15ascii_char_0x48
                0x0000017e        0x6 Display/LM6029ACW.o
 .progmem.data._ZL15ascii_char_0x47
                0x00000184        0x6 Display/LM6029ACW.o
 .progmem.data._ZL15ascii_char_0x46
                0x0000018a        0x6 Display/LM6029ACW.o
 .progmem.data._ZL15ascii_char_0x45
                0x00000190        0x6 Display/LM6029ACW.o
 .progmem.data._ZL15ascii_char_0x44
                0x00000196        0x6 Display/LM6029ACW.o
 .progmem.data._ZL15ascii_char_0x43
                0x0000019c        0x6 Display/LM6029ACW.o
 .progmem.data._ZL15ascii_char_0x42
                0x000001a2        0x6 Display/LM6029ACW.o
 .progmem.data._ZL15ascii_char_0x41
                0x000001a8        0x6 Display/LM6029ACW.o
 .progmem.data._ZL15ascii_char_0x40
                0x000001ae        0x7 Display/LM6029ACW.o
 .progmem.data._ZL15ascii_char_0x3f
                0x000001b5        0x6 Display/LM6029ACW.o
 .progmem.data._ZL15ascii_char_0x3e
                0x000001bb        0x4 Display/LM6029ACW.o
 .progmem.data._ZL15ascii_char_0x3d
                0x000001bf        0x6 Display/LM6029ACW.o
 .progmem.data._ZL15ascii_char_0x3c
                0x000001c5        0x4 Display/LM6029ACW.o
 .progmem.data._ZL15ascii_char_0x3b
                0x000001c9        0x2 Display/LM6029ACW.o
 .progmem.data._ZL15ascii_char_0x3a
                0x000001cb        0x2 Display/LM6029ACW.o
 .progmem.data._ZL15ascii_char_0x39
                0x000001cd        0x6 Display/LM6029ACW.o
 .progmem.data._ZL15ascii_char_0x38
                0x000001d3        0x6 Display/LM6029ACW.o
 .progmem.data._ZL15ascii_char_0x37
                0x000001d9        0x6 Display/LM6029ACW.o
 .progmem.data._ZL15ascii_char_0x36
                0x000001df        0x6 Display/LM6029ACW.o
 .progmem.data._ZL15ascii_char_0x35
                0x000001e5        0x6 Display/LM6029ACW.o
 .progmem.data._ZL15ascii_char_0x34
                0x000001eb        0x6 Display/LM6029ACW.o
 .progmem.data._ZL15ascii_char_0x33
                0x000001f1        0x6 Display/LM6029ACW.o
 .progmem.data._ZL15ascii_char_0x32
                0x000001f7        0x6 Display/LM6029ACW.o
 .progmem.data._ZL15ascii_char_0x31
                0x000001fd        0x4 Display/LM6029ACW.o
 .progmem.data._ZL15ascii_char_0x30
                0x00000201        0x6 Display/LM6029ACW.o
 .progmem.data._ZL15ascii_char_0x2f
                0x00000207        0x5 Display/LM6029ACW.o
 .progmem.data._ZL15ascii_char_0x2e
                0x0000020c        0x2 Display/LM6029ACW.o
 .progmem.data._ZL15ascii_char_0x2d
                0x0000020e        0x6 Display/LM6029ACW.o
 .progmem.data._ZL15ascii_char_0x2c
                0x00000214        0x3 Display/LM6029ACW.o
 .progmem.data._ZL15ascii_char_0x2b
                0x00000217        0x6 Display/LM6029ACW.o
 .progmem.data._ZL15ascii_char_0x2a
                0x0000021d        0x6 Display/LM6029ACW.o
 .progmem.data._ZL15ascii_char_0x29
                0x00000223        0x4 Display/LM6029ACW.o
 .progmem.data._ZL15ascii_char_0x28
                0x00000227        0x4 Display/LM6029ACW.o
 .progmem.data._ZL15ascii_char_0x27
                0x0000022b        0x2 Display/LM6029ACW.o
 .progmem.data._ZL15ascii_char_0x26
                0x0000022d        0x7 Display/LM6029ACW.o
 .progmem.data._ZL15ascii_char_0x25
                0x00000234        0x8 Display/LM6029ACW.o
 .progmem.data._ZL15ascii_char_0x24
                0x0000023c        0x6 Display/LM6029ACW.o
 .progmem.data._ZL15ascii_char_0x23
                0x00000242        0x6 Display/LM6029ACW.o
 .progmem.data._ZL15ascii_char_0x22
                0x00000248        0x4 Display/LM6029ACW.o
 .progmem.data._ZL15ascii_char_0x21
                0x0000024c        0x4 Display/LM6029ACW.o
 .progmem.data._ZL15ascii_char_0x20
                0x00000250        0x2 Display/LM6029ACW.o
 .progmem.data._ZL18BitReverseTable256
                0x00000252      0x100 HAL/LCD_HW.o
                0x00000352                . = ALIGN (0x2)
 *(.jumptables)
 *(.jumptables*)
 *(.lowtext)
 *(.lowtext*)
                0x00000352                __ctors_start = .
 *(.ctors)
 .ctors         0x00000352        0x2 Display/LM6029ACW.o
 .ctors         0x00000354        0x2 HAL/hal.o
 .ctors         0x00000356        0x2 HAL/twi.o
                0x00000358                __ctors_end = .
                0x00000358                __dtors_start = .
 *(.dtors)
 .dtors         0x00000358        0x2 Display/LM6029ACW.o
 .dtors         0x0000035a        0x2 HAL/hal.o
                0x0000035c                __dtors_end = .
 SORT(*)(.ctors)
 SORT(*)(.dtors)
 *(.init0)
 .init0         0x0000035c        0x0 C:/Program Files (x86)/Atmel/Studio/7.0/Packs/atmel/ATmega_DFP/1.0.106/gcc/dev/atmega169a/avr5/crtatmega169a.o
                0x0000035c                __init
 *(.init0)
 *(.init1)
 *(.init1)
 *(.init2)
 .init2         0x0000035c        0xc C:/Program Files (x86)/Atmel/Studio/7.0/Packs/atmel/ATmega_DFP/1.0.106/gcc/dev/atmega169a/avr5/crtatmega169a.o
 *(.init2)
 *(.init3)
 *(.init3)
 *(.init4)
 .init4         0x00000368       0x16 c:/program files (x86)/atmel/studio/7.0/toolchain/avr8/avr8-gnu-toolchain/bin/../lib/gcc/avr/4.9.2/avr5\libgcc.a(_copy_data.o)
                0x00000368                __do_copy_data
 .init4         0x0000037e       0x10 c:/program files (x86)/atmel/studio/7.0/toolchain/avr8/avr8-gnu-toolchain/bin/../lib/gcc/avr/4.9.2/avr5\libgcc.a(_clear_bss.o)
                0x0000037e                __do_clear_bss
 *(.init4)
 *(.init5)
 *(.init5)
 *(.init6)
 .init6         0x0000038e       0x16 c:/program files (x86)/atmel/studio/7.0/toolchain/avr8/avr8-gnu-toolchain/bin/../lib/gcc/avr/4.9.2/avr5\libgcc.a(_ctors.o)
                0x0000038e                __do_global_ctors
 *(.init6)
 *(.init7)
 *(.init7)
 *(.init8)
 *(.init8)
 *(.init9)
 .init9         0x000003a4        0x8 C:/Program Files (x86)/Atmel/Studio/7.0/Packs/atmel/ATmega_DFP/1.0.106/gcc/dev/atmega169a/avr5/crtatmega169a.o
 *(.init9)
 *(.text)
 .text          0x000003ac        0x4 C:/Program Files (x86)/Atmel/Studio/7.0/Packs/atmel/ATmega_DFP/1.0.106/gcc/dev/atmega169a/avr5/crtatmega169a.o
                0x000003ac                __vector_22
                0x000003ac                __vector_1
                0x000003ac                __vector_12
                0x000003ac                __bad_interrupt
                0x000003ac                __vector_6
                0x000003ac                __vector_3
                0x000003ac                __vector_11
                0x000003ac                __vector_13
                0x000003ac                __vector_17
                0x000003ac                __vector_19
                0x000003ac                __vector_7
                0x000003ac                __vector_5
                0x000003ac                __vector_9
                0x000003ac                __vector_2
                0x000003ac                __vector_21
                0x000003ac                __vector_15
                0x000003ac                __vector_8
                0x000003ac                __vector_14
                0x000003ac                __vector_10
                0x000003ac                __vector_16
                0x000003ac                __vector_18
                0x000003ac                __vector_20
                0x000003b0                . = ALIGN (0x2)
 *(.text.*)
 .text._ZN4fontC2Ev
                0x000003b0        0x2 Display/font.o
                0x000003b0                _ZN4fontC2Ev
                0x000003b0                _ZN4fontC1Ev
 .text._ZN4fontD2Ev
                0x000003b2        0x2 Display/font.o
                0x000003b2                _ZN4fontD1Ev
                0x000003b2                _ZN4fontD2Ev
 .text._ZN4font9FetchCharEc
                0x000003b4       0x1c Display/font.o
                0x000003b4                _ZN4font9FetchCharEc
 .text._ZN9LM6029ACWC2Ev
                0x000003d0       0x14 Display/LM6029ACW.o
                0x000003d0                _ZN9LM6029ACWC1Ev
                0x000003d0                _ZN9LM6029ACWC2Ev
 .text._ZN9LM6029ACW4initEv
                0x000003e4       0x24 Display/LM6029ACW.o
                0x000003e4                _ZN9LM6029ACW4initEv
 .text._ZN9LM6029ACW11ClearScreenEb
                0x00000408        0x6 Display/LM6029ACW.o
                0x00000408                _ZN9LM6029ACW11ClearScreenEb
 .text._ZN9LM6029ACW6GotoXYEhh
                0x0000040e       0x1e Display/LM6029ACW.o
                0x0000040e                _ZN9LM6029ACW6GotoXYEhh
 .text._ZN9LM6029ACW7PutCharEhb
                0x0000042c       0xc2 Display/LM6029ACW.o
                0x0000042c                _ZN9LM6029ACW7PutCharEhb
 .text._ZN9LM6029ACW6PutStrEPcb
                0x000004ee       0x2e Display/LM6029ACW.o
                0x000004ee                _ZN9LM6029ACW6PutStrEPcb
 .text._GLOBAL__sub_I_small_font
                0x0000051c        0xa Display/LM6029ACW.o
 .text._GLOBAL__sub_D_small_font
                0x00000526        0xa Display/LM6029ACW.o
 .text._ZN7ST7565RC2Ev
                0x00000530        0x2 Display/ST7565R.o
                0x00000530                _ZN7ST7565RC1Ev
                0x00000530                _ZN7ST7565RC2Ev
 .text._ZN7ST7565R11SendCommandEh
                0x00000532       0x16 Display/ST7565R.o
                0x00000532                _ZN7ST7565R11SendCommandEh
 .text._ZN7ST7565R12SetStartLineEh
                0x00000548       0x16 Display/ST7565R.o
                0x00000548                _ZN7ST7565R12SetStartLineEh
 .text._ZN7ST7565R14SetPageAddressEh
                0x0000055e       0x16 Display/ST7565R.o
                0x0000055e                _ZN7ST7565R14SetPageAddressEh
 .text._ZN7ST7565R16SetColumnAddressEh
                0x00000574       0x2c Display/ST7565R.o
                0x00000574                _ZN7ST7565R16SetColumnAddressEh
 .text._ZN7ST7565R11SetContrastEh
                0x000005a0       0x2e Display/ST7565R.o
                0x000005a0                _ZN7ST7565R11SetContrastEh
 .text._ZN7ST7565R12SetPowerModeEbbb
                0x000005ce       0x1e Display/ST7565R.o
                0x000005ce                _ZN7ST7565R12SetPowerModeEbbb
 .text._ZN7ST7565R4initEv
                0x000005ec       0x98 Display/ST7565R.o
                0x000005ec                _ZN7ST7565R4initEv
 .text._ZN7ST7565R5ClearEb
                0x00000684       0x5e Display/ST7565R.o
                0x00000684                _ZN7ST7565R5ClearEb
 .text._ZN3hal10board_initEv
                0x000006e2       0x66 HAL/hal.o
                0x000006e2                _ZN3hal10board_initEv
 .text._GLOBAL__sub_I__ZN3hal5portAE
                0x00000748       0xc6 HAL/hal.o
 .text._GLOBAL__sub_D__ZN3hal5portAE
                0x0000080e       0x3a HAL/hal.o
 .text._ZN6LCD_HW7SetDataEh
                0x00000848        0xe HAL/LCD_HW.o
                0x00000848                _ZN6LCD_HW7SetDataEh
 .text._ZN4portC2EPVhS1_S1_
                0x00000856       0x10 HAL/port.o
                0x00000856                _ZN4portC1EPVhS1_S1_
                0x00000856                _ZN4portC2EPVhS1_S1_
 .text._ZN4portD2Ev
                0x00000866        0x2 HAL/port.o
                0x00000866                _ZN4portD2Ev
                0x00000866                _ZN4portD1Ev
 .text._ZN4port9SetInputsEh
                0x00000868       0x10 HAL/port.o
                0x00000868                _ZN4port9SetInputsEh
 .text._ZN4port10SetOutputsEh
                0x00000878        0xe HAL/port.o
                0x00000878                _ZN4port10SetOutputsEh
 .text._ZN4port6SetPinEh
                0x00000886       0x20 HAL/port.o
                0x00000886                _ZN4port6SetPinEh
 .text._ZN4port8ClearPinEh
                0x000008a6       0x22 HAL/port.o
                0x000008a6                _ZN4port8ClearPinEh
 .text._ZN3tc26SetWGME6TC_WGM
                0x000008c8       0x40 HAL/tc2.o
                0x000008c8                _ZN3tc26SetWGME6TC_WGM
 .text._ZN3tc26SetCOME6TC_COM
                0x00000908       0x1a HAL/tc2.o
                0x00000908                _ZN3tc26SetCOME6TC_COM
 .text._ZN3tc211SelectClockE5TC_CS
                0x00000922       0x12 HAL/tc2.o
                0x00000922                _ZN3tc211SelectClockE5TC_CS
 .text._ZN3tc24initE6TC_WGM6TC_COM5TC_CS
                0x00000934       0x1e HAL/tc2.o
                0x00000934                _ZN3tc24initE6TC_WGM6TC_COM5TC_CS
 .text.__vector_4
                0x00000952       0x56 HAL/tc2.o
                0x00000952                __vector_4
 .text._GLOBAL__sub_I__ZN3twi12_error_stateE
                0x000009a8       0x70 HAL/twi.o
 .text.main     0x00000a18       0xc6 main.o
                0x00000a18                main
 .text._ZN11SystemClock4tickEv
                0x00000ade        0xa Timers/SystemClock.o
                0x00000ade                _ZN11SystemClock4tickEv
 .text._ZN11SystemClock4initEv
                0x00000ae8       0x32 Timers/SystemClock.o
                0x00000ae8                _ZN11SystemClock4initEv
 .text._ZN10timer_list4initEv
                0x00000b1a        0xe Timers/timer.o
                0x00000b1a                _ZN10timer_list4initEv
 .text._ZN5timer4tickEj
                0x00000b28       0x30 Timers/timer.o
                0x00000b28                _ZN5timer4tickEj
 .text._ZN10timer_list4tickEj
                0x00000b58       0x30 Timers/timer.o
                0x00000b58                _ZN10timer_list4tickEj
 .text.libgcc   0x00000b88        0xc c:/program files (x86)/atmel/studio/7.0/toolchain/avr8/avr8-gnu-toolchain/bin/../lib/gcc/avr/4.9.2/avr5\libgcc.a(_tablejump2.o)
                0x00000b88                __tablejump2__
                0x00000b94                . = ALIGN (0x2)
 *(.fini9)
 .fini9         0x00000b94        0x0 c:/program files (x86)/atmel/studio/7.0/toolchain/avr8/avr8-gnu-toolchain/bin/../lib/gcc/avr/4.9.2/avr5\libgcc.a(_exit.o)
                0x00000b94                _exit
                0x00000b94                exit
 *(.fini9)
 *(.fini8)
 *(.fini8)
 *(.fini7)
 *(.fini7)
 *(.fini6)
 .fini6         0x00000b94       0x16 c:/program files (x86)/atmel/studio/7.0/toolchain/avr8/avr8-gnu-toolchain/bin/../lib/gcc/avr/4.9.2/avr5\libgcc.a(_dtors.o)
                0x00000b94                __do_global_dtors
 *(.fini6)
 *(.fini5)
 *(.fini5)
 *(.fini4)
 *(.fini4)
 *(.fini3)
 *(.fini3)
 *(.fini2)
 *(.fini2)
 *(.fini1)
 *(.fini1)
 *(.fini0)
 .fini0         0x00000baa        0x4 c:/program files (x86)/atmel/studio/7.0/toolchain/avr8/avr8-gnu-toolchain/bin/../lib/gcc/avr/4.9.2/avr5\libgcc.a(_exit.o)
 *(.fini0)
                0x00000bae                _etext = .

.data           0x00800100       0xcc load address 0x00000bae
                0x00800100                PROVIDE (__data_start, .)
 *(.data)
 *(.data*)
 .data.small_font
                0x00800100       0xbe Display/LM6029ACW.o
                0x00800100                small_font
 *(.rodata)
 *(.rodata*)
 .rodata.str1.1
                0x008001be        0xd main.o
 *(.gnu.linkonce.d*)
                0x008001cc                . = ALIGN (0x2)
 *fill*         0x008001cb        0x1 
                0x008001cc                _edata = .
                0x008001cc                PROVIDE (__data_end, .)

.bss            0x008001cc       0x42
                0x008001cc                PROVIDE (__bss_start, .)
 *(.bss)
 *(.bss*)
 .bss._ZN9LM6029ACW9SmallFontE
                0x008001cc        0x2 Display/LM6029ACW.o
                0x008001cc                _ZN9LM6029ACW9SmallFontE
 .bss._ZN3hal9climitLedE
                0x008001ce        0x5 HAL/hal.o
                0x008001ce                _ZN3hal9climitLedE
 .bss._ZN3hal5portGE
                0x008001d3        0x6 HAL/hal.o
                0x008001d3                _ZN3hal5portGE
 .bss._ZN3hal5portFE
                0x008001d9        0x6 HAL/hal.o
                0x008001d9                _ZN3hal5portFE
 .bss._ZN3hal5portEE
                0x008001df        0x6 HAL/hal.o
                0x008001df                _ZN3hal5portEE
 .bss._ZN3hal5portDE
                0x008001e5        0x6 HAL/hal.o
                0x008001e5                _ZN3hal5portDE
 .bss._ZN3hal5portCE
                0x008001eb        0x6 HAL/hal.o
                0x008001eb                _ZN3hal5portCE
 .bss._ZN3hal5portBE
                0x008001f1        0x6 HAL/hal.o
                0x008001f1                _ZN3hal5portBE
 .bss._ZN3hal5portAE
                0x008001f7        0x6 HAL/hal.o
                0x008001f7                _ZN3hal5portAE
 .bss._ZN3tc211ocrCallBackE
                0x008001fd        0x2 HAL/tc2.o
                0x008001fd                _ZN3tc211ocrCallBackE
 .bss._ZN3tc214ocrCallbackSetE
                0x008001ff        0x1 HAL/tc2.o
                0x008001ff                _ZN3tc214ocrCallbackSetE
 .bss._ZN3twi3SDAE
                0x00800200        0x5 HAL/twi.o
                0x00800200                _ZN3twi3SDAE
 .bss._ZN3twi3SCLE
                0x00800205        0x5 HAL/twi.o
                0x00800205                _ZN3twi3SCLE
 .bss._ZN10timer_list6timersE
                0x0080020a        0x4 Timers/timer.o
                0x0080020a                _ZN10timer_list6timersE
 *(COMMON)
                0x0080020e                PROVIDE (__bss_end, .)
                0x00000bae                __data_load_start = LOADADDR (.data)
                0x00000c7a                __data_load_end = (__data_load_start + SIZEOF (.data))

.noinit         0x0080020e        0x0
                [!provide]                PROVIDE (__noinit_start, .)
 *(.noinit*)
                [!provide]                PROVIDE (__noinit_end, .)
                0x0080020e                _end = .
                0x0080020e                PROVIDE (__heap_start, .)

.eeprom         0x00810000        0x0
 *(.eeprom*)
                0x00810000                __eeprom_end = .

.fuse
 *(.fuse)
 *(.lfuse)
 *(.hfuse)
 *(.efuse)

.lock
 *(.lock*)

.signature
 *(.signature*)

.user_signatures
 *(.user_signatures*)

.stab
 *(.stab)

.stabstr
 *(.stabstr)

.stab.excl
 *(.stab.excl)

.stab.exclstr
 *(.stab.exclstr)

.stab.index
 *(.stab.index)

.stab.indexstr
 *(.stab.indexstr)

.comment        0x00000000       0x30
 *(.comment)
 .comment       0x00000000       0x30 Display/font.o
                                 0x31 (size before relaxing)
 .comment       0x00000030       0x31 Display/LM6029ACW.o
 .comment       0x00000030       0x31 Display/ST7565R.o
 .comment       0x00000030       0x31 HAL/hal.o
 .comment       0x00000030       0x31 HAL/LCD_HW.o
 .comment       0x00000030       0x31 HAL/port.o
 .comment       0x00000030       0x31 HAL/tc2.o
 .comment       0x00000030       0x31 HAL/twi.o
 .comment       0x00000030       0x31 main.o
 .comment       0x00000030       0x31 Timers/SystemClock.o
 .comment       0x00000030       0x31 Timers/timer.o

.note.gnu.avr.deviceinfo
                0x00000000       0x40
 .note.gnu.avr.deviceinfo
                0x00000000       0x40 C:/Program Files (x86)/Atmel/Studio/7.0/Packs/atmel/ATmega_DFP/1.0.106/gcc/dev/atmega169a/avr5/crtatmega169a.o

.note.gnu.build-id
 *(.note.gnu.build-id)

.debug
 *(.debug)

.line
 *(.line)

.debug_srcinfo
 *(.debug_srcinfo)

.debug_sfnames
 *(.debug_sfnames)

.debug_aranges  0x00000000      0x350
 *(.debug_aranges)
 .debug_aranges
                0x00000000       0x30 Display/font.o
 .debug_aranges
                0x00000030       0x68 Display/LM6029ACW.o
 .debug_aranges
                0x00000098       0x78 Display/ST7565R.o
 .debug_aranges
                0x00000110       0x30 HAL/hal.o
 .debug_aranges
                0x00000140       0x20 HAL/LCD_HW.o
 .debug_aranges
                0x00000160       0x48 HAL/port.o
 .debug_aranges
                0x000001a8       0x48 HAL/tc2.o
 .debug_aranges
                0x000001f0       0xa0 HAL/twi.o
 .debug_aranges
                0x00000290       0x20 main.o
 .debug_aranges
                0x000002b0       0x28 Timers/SystemClock.o
 .debug_aranges
                0x000002d8       0x78 Timers/timer.o

.debug_pubnames
 *(.debug_pubnames)

.debug_info     0x00000000     0x7818
 *(.debug_info .gnu.linkonce.wi.*)
 .debug_info    0x00000000      0x364 Display/font.o
 .debug_info    0x00000364     0x1695 Display/LM6029ACW.o
 .debug_info    0x000019f9      0xf2e Display/ST7565R.o
 .debug_info    0x00002927      0xc0e HAL/hal.o
 .debug_info    0x00003535      0x1e8 HAL/LCD_HW.o
 .debug_info    0x0000371d      0x4f9 HAL/port.o
 .debug_info    0x00003c16      0x5a2 HAL/tc2.o
 .debug_info    0x000041b8     0x17a0 HAL/twi.o
 .debug_info    0x00005958      0xd8d main.o
 .debug_info    0x000066e5      0x84f Timers/SystemClock.o
 .debug_info    0x00006f34      0x8e4 Timers/timer.o

.debug_abbrev   0x00000000     0x1e4b
 *(.debug_abbrev)
 .debug_abbrev  0x00000000      0x176 Display/font.o
 .debug_abbrev  0x00000176      0x424 Display/LM6029ACW.o
 .debug_abbrev  0x0000059a      0x373 Display/ST7565R.o
 .debug_abbrev  0x0000090d      0x2d5 HAL/hal.o
 .debug_abbrev  0x00000be2       0xfe HAL/LCD_HW.o
 .debug_abbrev  0x00000ce0      0x1e3 HAL/port.o
 .debug_abbrev  0x00000ec3      0x1be HAL/tc2.o
 .debug_abbrev  0x00001081      0x4ee HAL/twi.o
 .debug_abbrev  0x0000156f      0x33d main.o
 .debug_abbrev  0x000018ac      0x26b Timers/SystemClock.o
 .debug_abbrev  0x00001b17      0x334 Timers/timer.o

.debug_line     0x00000000     0x1cd5
 *(.debug_line .debug_line.* .debug_line_end)
 .debug_line    0x00000000      0x116 Display/font.o
 .debug_line    0x00000116      0x3ba Display/LM6029ACW.o
 .debug_line    0x000004d0      0x4b9 Display/ST7565R.o
 .debug_line    0x00000989      0x1c6 HAL/hal.o
 .debug_line    0x00000b4f       0xe4 HAL/LCD_HW.o
 .debug_line    0x00000c33      0x154 HAL/port.o
 .debug_line    0x00000d87      0x1a7 HAL/tc2.o
 .debug_line    0x00000f2e      0x77c HAL/twi.o
 .debug_line    0x000016aa      0x23e main.o
 .debug_line    0x000018e8      0x15e Timers/SystemClock.o
 .debug_line    0x00001a46      0x28f Timers/timer.o

.debug_frame    0x00000000      0x7c4
 *(.debug_frame)
 .debug_frame   0x00000000       0x44 Display/font.o
 .debug_frame   0x00000044      0x124 Display/LM6029ACW.o
 .debug_frame   0x00000168      0x11c Display/ST7565R.o
 .debug_frame   0x00000284       0x54 HAL/hal.o
 .debug_frame   0x000002d8       0x24 HAL/LCD_HW.o
 .debug_frame   0x000002fc       0x74 HAL/port.o
 .debug_frame   0x00000370       0xc8 HAL/tc2.o
 .debug_frame   0x00000438      0x224 HAL/twi.o
 .debug_frame   0x0000065c       0x34 main.o
 .debug_frame   0x00000690       0x34 Timers/SystemClock.o
 .debug_frame   0x000006c4      0x100 Timers/timer.o

.debug_str      0x00000000     0x2321
 *(.debug_str)
 .debug_str     0x00000000      0x1e3 Display/font.o
                                0x221 (size before relaxing)
 .debug_str     0x000001e3      0xb9c Display/LM6029ACW.o
                                0xdb7 (size before relaxing)
 .debug_str     0x00000d7f      0x2b8 Display/ST7565R.o
                                0x81f (size before relaxing)
 .debug_str     0x00001037      0x347 HAL/hal.o
                                0x58c (size before relaxing)
 .debug_str     0x0000137e       0x12 HAL/LCD_HW.o
                                0x35c (size before relaxing)
 .debug_str     0x00001390       0x40 HAL/port.o
                                0x2b2 (size before relaxing)
 .debug_str     0x000013d0      0x586 HAL/tc2.o
                                0x768 (size before relaxing)
 .debug_str     0x00001956      0x68d HAL/twi.o
                                0xaf2 (size before relaxing)
 .debug_str     0x00001fe3       0x5c main.o
                                0x7cb (size before relaxing)
 .debug_str     0x0000203f      0x27f Timers/SystemClock.o
                                0x9c7 (size before relaxing)
 .debug_str     0x000022be       0x63 Timers/timer.o
                                0x4ae (size before relaxing)

.debug_loc      0x00000000     0x197e
 *(.debug_loc)
 .debug_loc     0x00000000       0x49 Display/font.o
 .debug_loc     0x00000049      0x5b9 Display/LM6029ACW.o
 .debug_loc     0x00000602      0x597 Display/ST7565R.o
 .debug_loc     0x00000b99       0x3c HAL/hal.o
 .debug_loc     0x00000bd5       0xf0 HAL/port.o
 .debug_loc     0x00000cc5      0x1d6 HAL/tc2.o
 .debug_loc     0x00000e9b      0x781 HAL/twi.o
 .debug_loc     0x0000161c       0x48 main.o
 .debug_loc     0x00001664      0x31a Timers/timer.o

.debug_macinfo
 *(.debug_macinfo)

.debug_weaknames
 *(.debug_weaknames)

.debug_funcnames
 *(.debug_funcnames)

.debug_typenames
 *(.debug_typenames)

.debug_varnames
 *(.debug_varnames)

.debug_pubtypes
 *(.debug_pubtypes)

.debug_ranges   0x00000000      0x348
 *(.debug_ranges)
 .debug_ranges  0x00000000       0x20 Display/font.o
 .debug_ranges  0x00000020       0x58 Display/LM6029ACW.o
 .debug_ranges  0x00000078       0x68 Display/ST7565R.o
 .debug_ranges  0x000000e0       0x20 HAL/hal.o
 .debug_ranges  0x00000100       0x10 HAL/LCD_HW.o
 .debug_ranges  0x00000110       0x38 HAL/port.o
 .debug_ranges  0x00000148       0x38 HAL/tc2.o
 .debug_ranges  0x00000180      0x120 HAL/twi.o
 .debug_ranges  0x000002a0       0x28 main.o
 .debug_ranges  0x000002c8       0x18 Timers/SystemClock.o
 .debug_ranges  0x000002e0       0x68 Timers/timer.o

.debug_macro
 *(.debug_macro)
OUTPUT(uSupply.elf elf32-avr)
LOAD linker stubs
